
D/elm     (12013): ModuleBase : setContext() Called

D/dalvikvm(29137): GC_CONCURRENT freed 4704K, 28% free 26891K/37328K, paused 8ms+8ms, total 70ms

D/dalvikvm(29137): WAIT_FOR_CONCURRENT_GC blocked 59ms

D/dalvikvm(29137): WAIT_FOR_CONCURRENT_GC blocked 54ms

D/elm     (12013): MDMBridge.setEnterpriseBridge()

D/elm     (12013): ELMEngine.ServiceHandler.handleMessage( BOOT_COMPLETED ). 

D/elm     (12013): BootCompletedState : startBootCompleted() call

D/elm     (12013): BootCompletedModule.startBootCompleted( false )

D/elm     (12013): ModuleBase.resetCalllogAPIAlarm()

D/elm     (12013): MDMBridge.getAllLicenseInfoFromSDK()

I/elm     (12013): Get License : 0

D/dalvikvm(29137): GC_FOR_ALLOC freed 256K, 24% free 28680K/37328K, paused 35ms, total 35ms

D/CellLayoutChildren(29137): setCellDimensions. width: 144, height: 200, gapX: 0, gapY: 0

I/SurfaceFlinger( 1941): id=2742 createSurf (720x1280),1 flag=4, Mauncher

D/dalvikvm(29137): GC_CONCURRENT freed 304K, 21% free 29853K/37328K, paused 2ms+9ms, total 49ms

W/ActivityManager( 2357): Permission denied: checkComponentPermission() owningUid=10025

W/ActivityManager( 2357): Permission denied: checkComponentPermission() owningUid=10026

V/RenderScript(29137): 0x5aeb83a8 Launching thread(s), CPUs 4

V/WindowManager( 2357): Window{43494c18 u0 Keyguard}mOrientationRequetedFromKeyguard=false

V/WindowManager( 2357): Window{43494c18 u0 Keyguard}mOrientationRequetedFromKeyguard=false

D/WebView (11582): loadUrlImpl: called

D/webcore (11582):  CORE loadUrl: called

D/webkit  (11582): Firewall not null

D/webkit  (11582): euler: isUrlBlocked = false

D/WebView (11582): loadUrlImpl: called

D/webcore (11582):  CORE loadUrl: called

D/webkit  (11582): Firewall not null

D/webkit  (11582): euler: isUrlBlocked = false

D/WebView (11582): loadUrlImpl: called

D/WebView (11582): loadUrlImpl: called

D/WebView (11582): loadUrlImpl: called

D/WebView (11582): loadUrlImpl: called

D/WebView (11582): loadUrlImpl: called

D/WebView (11582): loadUrlImpl: called

D/WebView (11582): loadUrlImpl: called

D/WebView (11582): loadUrlImpl: called

I/GATE    (11582): <GATE-M>DEV_ACTION_COMPLETED</GATE-M>

D/webcore (11582):  CORE loadUrl: called

D/webkit  (11582): Firewall not null

D/webkit  (11582): euler: isUrlBlocked = false

D/webcore (11582):  CORE loadUrl: called

D/webkit  (11582): Firewall not null

D/webkit  (11582): euler: isUrlBlocked = false

I/GATE    (11582): <GATE-M>DEV_ACTION_COMPLETED</GATE-M>

D/com.appgyver.preview.BaseApplicationActivity(11582): onMessage(onPageStarted,about:blank)

D/webcore (11582):  CORE loadUrl: called

D/com.appgyver.preview.ESWebViewClient(11582): onPageStarted: about:blank

D/webkit  (11582): Firewall not null

D/webkit  (11582): euler: isUrlBlocked = false

D/webcore (11582):  CORE loadUrl: called

D/webkit  (11582): Firewall not null

D/webkit  (11582): euler: isUrlBlocked = false

E/ActivityThread(11582): Activity com.appgyver.preview.AGApplicationActivity has leaked IntentReceiver org.apache.cordova.CordovaWebView$1@433e7d48 that was originally registered here. Are you missing a call to unregisterReceiver()?

E/ActivityThread(11582): android.app.IntentReceiverLeaked: Activity com.appgyver.preview.AGApplicationActivity has leaked IntentReceiver org.apache.cordova.CordovaWebView$1@433e7d48 that was originally registered here. Are you missing a call to unregisterReceiver()?

E/ActivityThread(11582): 	at android.app.LoadedApk$ReceiverDispatcher.<init>(LoadedApk.java:805)

E/ActivityThread(11582): 	at android.app.LoadedApk.getReceiverDispatcher(LoadedApk.java:606)

E/ActivityThread(11582): 	at android.app.ContextImpl.registerReceiverInternal(ContextImpl.java:1720)

E/ActivityThread(11582): 	at android.app.ContextImpl.registerReceiver(ContextImpl.java:1700)

E/ActivityThread(11582): 	at android.app.ContextImpl.registerReceiver(ContextImpl.java:1694)

E/ActivityThread(11582): 	at android.content.ContextWrapper.registerReceiver(ContextWrapper.java:453)

E/ActivityThread(11582): 	at org.apache.cordova.CordovaWebView.setup(CordovaWebView.java:265)

E/ActivityThread(11582): 	at org.apache.cordova.CordovaWebView.<init>(CordovaWebView.java:112)

E/ActivityThread(11582): 	at com.appgyver.preview.ESWebView.<init>(ESWebView.java:40)

E/ActivityThread(11582): 	at com.appgyver.preview.AGViewFragment.createWebView(AGViewFragment.java:101)

E/ActivityThread(11582): 	at com.appgyver.preview.BaseApplicationActivity.createAGViewFragment(BaseApplicationActivity.java:186)

E/ActivityThread(11582): 	at com.appgyver.preview.BaseApplicationActivity.openModalByFileURL(BaseApplicationActivity.java:424)

E/ActivityThread(11582): 	at com.appgyver.preview.AGApplicationActivity.openModalByFileURL(AGApplicationActivity.java:363)

E/ActivityThread(11582): 	at com.appgyver.preview.BaseApplicationActivity$7.run(BaseApplicationActivity.java:416)

E/ActivityThread(11582): 	at android.os.Handler.handleCallback(Handler.java:730)

E/ActivityThread(11582): 	at android.os.Handler.dispatchMessage(Handler.java:92)

E/ActivityThread(11582): 	at android.os.Looper.loop(Looper.java:176)

E/ActivityThread(11582): 	at android.app.ActivityThread.main(ActivityThread.java:5419)

E/ActivityThread(11582): 	at java.lang.reflect.Method.invokeNative(Native Method)

E/ActivityThread(11582): 	at java.lang.reflect.Method.invoke(Method.java:525)

E/ActivityThread(11582): 	at com.android.internal.os.ZygoteInit$MethodAndArgsCaller.run(ZygoteInit.java:1046)

E/ActivityThread(11582): 	at com.android.internal.os.ZygoteInit.main(ZygoteInit.java:862)

E/ActivityThread(11582): 	at dalvik.system.NativeStart.main(Native Method)

E/ActivityThread(11582): Activity com.appgyver.preview.AGApplicationActivity has leaked IntentReceiver org.apache.cordova.networkinformation.NetworkManager$1@43582578 that was originally registered here. Are you missing a call to unregisterReceiver()?

E/ActivityThread(11582): android.app.IntentReceiverLeaked: Activity com.appgyver.preview.AGApplicationActivity has leaked IntentReceiver org.apache.cordova.networkinformation.NetworkManager$1@43582578 that was originally registered here. Are you missing a call to unregisterReceiver()?

E/ActivityThread(11582): 	at android.app.LoadedApk$ReceiverDispatcher.<init>(LoadedApk.java:805)

E/ActivityThread(11582): 	at android.app.LoadedApk.getReceiverDispatcher(LoadedApk.java:606)

E/ActivityThread(11582): 	at android.app.ContextImpl.registerReceiverInternal(ContextImpl.java:1720)

E/ActivityThread(11582): 	at android.app.ContextImpl.registerReceiver(ContextImpl.java:1700)

E/ActivityThread(11582): 	at android.app.ContextImpl.registerReceiver(ContextImpl.java:1694)

E/ActivityThread(11582): 	at android.content.ContextWrapper.registerReceiver(ContextWrapper.java:453)

E/ActivityThread(11582): 	at org.apache.cordova.networkinformation.NetworkManager.initialize(NetworkManager.java:111)

E/ActivityThread(11582): 	at org.apache.cordova.PluginEntry.createPlugin(PluginEntry.java:96)

E/ActivityThread(11582): 	at org.apache.cordova.PluginManager.getPlugin(PluginManager.java:254)

E/ActivityThread(11582): 	at org.apache.cordova.PluginManager.execHelper(PluginManager.java:208)

E/ActivityThread(11582): 	at org.apache.cordova.PluginManager.exec(PluginManager.java:203)

E/ActivityThread(11582): 	at org.apache.cordova.ExposedJsApi.exec(ExposedJsApi.java:52)

E/ActivityThread(11582): 	at android.webkit.JWebCoreJavaBridge.sharedTimerFired(Native Method)

E/ActivityThread(11582): 	at android.webkit.JWebCoreJavaBridge.sharedTimerFired(Native Method)

E/ActivityThread(11582): 	at android.webkit.JWebCoreJavaBridge.fireSharedTimer(JWebCoreJavaBridge.java:92)

E/ActivityThread(11582): 	at android.webkit.JWebCoreJavaBridge.handleMessage(JWebCoreJavaBridge.java:108)

E/ActivityThread(11582): 	at android.os.Handler.dispatchMessage(Handler.java:99)

E/ActivityThread(11582): 	at android.os.Looper.loop(Looper.java:176)

E/ActivityThread(11582): 	at android.webkit.WebViewCore$WebCoreThread.run(WebViewCore.java:1093)

E/ActivityThread(11582): 	at java.lang.Thread.run(Thread.java:841)

E/ActivityThread(11582): Activity com.appgyver.preview.AGApplicationActivity has leaked IntentReceiver org.apache.cordova.device.Device$1@429a8fb8 that was originally registered here. Are you missing a call to unregisterReceiver()?

E/ActivityThread(11582): android.app.IntentReceiverLeaked: Activity com.appgyver.preview.AGApplicationActivity has leaked IntentReceiver org.apache.cordova.device.Device$1@429a8fb8 that was originally registered here. Are you missing a call to unregisterReceiver()?

E/ActivityThread(11582): 	at android.app.LoadedApk$ReceiverDispatcher.<init>(LoadedApk.java:805)

E/ActivityThread(11582): 	at android.app.LoadedApk.getReceiverDispatcher(LoadedApk.java:606)

E/ActivityThread(11582): 	at android.app.ContextImpl.registerReceiverInternal(ContextImpl.java:1720)

E/ActivityThread(11582): 	at android.app.ContextImpl.registerReceiver(ContextImpl.java:1700)

E/ActivityThread(11582): 	at android.app.ContextImpl.registerReceiver(ContextImpl.java:1694)

E/ActivityThread(11582): 	at android.content.ContextWrapper.registerReceiver(ContextWrapper.java:453)

E/ActivityThread(11582): 	at org.apache.cordova.device.Device.initTelephonyReceiver(Device.java:142)

E/ActivityThread(11582): 	at org.apache.cordova.device.Device.initialize(Device.java:68)

E/ActivityThread(11582): 	at org.apache.cordova.PluginEntry.createPlugin(PluginEntry.java:96)

E/ActivityThread(11582): 	at org.apache.cordova.PluginManager.getPlugin(PluginManager.java:254)

E/ActivityThread(11582): 	at org.apache.cordova.PluginManager.execHelper(PluginManager.java:208)

E/ActivityThread(11582): 	at org.apache.cordova.PluginManager.exec(PluginManager.java:203)

E/ActivityThread(11582): 	at org.apache.cordova.ExposedJsApi.exec(ExposedJsApi.java:52)

E/ActivityThread(11582): 	at android.webkit.JWebCoreJavaBridge.sharedTimerFired(Native Method)

E/ActivityThread(11582): 	at android.webkit.JWebCoreJavaBridge.sharedTimerFired(Native Method)

E/ActivityThread(11582): 	at android.webkit.JWebCoreJavaBridge.fireSharedTimer(JWebCoreJavaBridge.java:92)

E/ActivityThread(11582): 	at android.webkit.JWebCoreJavaBridge.handleMessage(JWebCoreJavaBridge.java:108)

E/ActivityThread(11582): 	at android.os.Handler.dispatchMessage(Handler.java:99)

E/ActivityThread(11582): 	at android.os.Looper.loop(Looper.java:176)

E/ActivityThread(11582): 	at android.webkit.WebViewCore$WebCoreThread.run(WebViewCore.java:1093)

E/ActivityThread(11582): 	at java.lang.Thread.run(Thread.java:841)

D/com.appgyver.preview.BaseApplicationActivity(11582): onMessage(onPageFinished,about:blank)

D/com.appgyver.preview.BaseApplicationActivity(11582): onMessage(exit,null)

W/com.appgyver.preview.BaseApplicationActivity(11582): finish() called!

D/com.appgyver.preview.ESWebViewClient(11582): onPageFinished: about:blank

I/Web Console(11582): exception firing destroy event from native:1

D/com.appgyver.preview.BaseApplicationActivity(11582): onMessage(onPageStarted,about:blank)

D/com.appgyver.preview.ESWebViewClient(11582): onPageStarted: about:blank

D/com.appgyver.preview.BaseApplicationActivity(11582): onMessage(onPageFinished,about:blank)

D/com.appgyver.preview.BaseApplicationActivity(11582): onMessage(exit,null)

W/com.appgyver.preview.BaseApplicationActivity(11582): finish() called!

D/com.appgyver.preview.ESWebViewClient(11582): onPageFinished: about:blank

I/GATE    (11582): <GATE-M>DEV_ACTION_COMPLETED</GATE-M>

D/com.appgyver.preview.BackgroundAGContext(11582): Evaling to background: 

D/webcore (11582):  CORE loadUrl: called

D/webkit  (11582): Firewall not null

D/WebView (11582): loadUrlImpl: called

D/webkit  (11582): euler: isUrlBlocked = false

D/webcore (11582):  CORE loadUrl: called

D/webkit  (11582): Firewall not null

D/webkit  (11582): euler: isUrlBlocked = false

D/com.appgyver.preview.BaseApplicationActivity(11582): onMessage(onPageStarted,about:blank)

D/com.appgyver.preview.ESWebViewClient(11582): onPageStarted: file:///android_asset/StartPreview/startpreview.html

I/GATE    (11582): <GATE-M>DEV_ACTION_COMPLETED</GATE-M>

D/com.appgyver.preview.BaseApplicationActivity(11582): onMessage(onPageFinished,about:blank)

D/webcore (11582):  CORE loadUrl: called

D/webkit  (11582): Firewall not null

D/com.appgyver.preview.BaseApplicationActivity(11582): onMessage(exit,null)

W/com.appgyver.preview.BaseApplicationActivity(11582): finish() called!

D/com.appgyver.preview.ESWebViewClient(11582): onPageFinished: about:blank

D/webkit  (11582): euler: isUrlBlocked = false

D/webcore (11582):  CORE loadUrl: called

D/webkit  (11582): Firewall not null

I/Web Console(11582): exception firing destroy event from native:1

D/webkit  (11582): euler: isUrlBlocked = false

D/com.appgyver.preview.BaseApplicationActivity(11582): onMessage(onPageStarted,about:blank)

D/com.appgyver.preview.ESWebViewClient(11582): onPageStarted: null

I/GATE    (11582): <GATE-M>DEV_ACTION_COMPLETED</GATE-M>

D/com.appgyver.preview.BaseApplicationActivity(11582): onMessage(onPageFinished,about:blank)

D/com.appgyver.preview.BaseApplicationActivity(11582): onMessage(exit,null)

W/com.appgyver.preview.BaseApplicationActivity(11582): finish() called!

D/com.appgyver.preview.ESWebViewClient(11582): onPageFinished: about:blank

D/webcore (11582):  CORE loadUrl: called

D/webkit  (11582): Firewall not null

D/webkit  (11582): euler: isUrlBlocked = false

I/InputReader( 2357): Touch event's action is 0x0 (deviceType=0) [pCnt=1, s=0.7899 ] when=116771127119000

I/InputDispatcher( 2357): Delivering touch to: action: 0x0

D/SSRMv2:CustomFrequencyManagerService( 2357): FrequencyrequestList.getNextMaxCPUCoreRequest, index: 1

W/ActivityManager( 2357): mDVFSHelper.release()

I/InputReader( 2357): Touch event's action is 0x1 (deviceType=0) [pCnt=1, s=] when=116771253165000

I/InputDispatcher( 2357): Delivering touch to: action: 0x1

D/dalvikvm( 1942): GC_EXPLICIT freed 39K, 12% free 9453K/10648K, paused 2ms+4ms, total 44ms

D/BadgeProvider(12101): onCreate

D/BadgeProvider(12101): DatabaseHelper

D/dalvikvm( 1942): GC_EXPLICIT freed <1K, 12% free 9453K/10648K, paused 3ms+3ms, total 36ms

D/BadgeProvider(12101): onUpgarde :: oldVersion:2 newVersion:3

E/SQLiteLog(12101): (1) duplicate column name: extraData

E/BadgeProvider(12101): onUpgarde :: Trying to add Column :: Exception already exists:duplicate column name: extraData (code 1): , while compiling: ALTER TABLE apps ADD COLUMN extraData TEXT DEFAULT base_extra_badge;

D/BadgeProvider(12101): query, [selection] : package='com.android.email' AND class='com.android.email.activity.Welcome' AND extraData='base_extra_badge'

D/dalvikvm( 1942): GC_EXPLICIT freed <1K, 12% free 9453K/10648K, paused 2ms+4ms, total 36ms

D/Launcher.Model(29137): reloadBadges entered.

D/BadgeProvider(12101): sendNotify entered. [uri] : content://com.sec.badge/apps/1

D/BadgeProvider(12101): sendNotify, [notify] : null

D/BadgeProvider(12101): update, [uri] : content://com.sec.badge/apps/1

D/BadgeProvider(12101): update, [BadgeCount] : badgecount=0

D/BadgeProvider(12101): update, [UpdateCount] : 1

D/Launcher.BadgeCache, (29137): updateBadgeCounts, app[1] have 0 badges

D/Launcher.BadgeCache, (29137): updateBadgeCounts, app[0] have 0 badges

D/Launcher.BadgeCache, (29137): updateBadgeCounts, app[2] have 0 badges

D/Launcher.BadgeCache, (29137): updateBadgeCounts, app[3] have 0 badges

D/Launcher.BadgeCache, (29137): updateBadgeCounts, app[-1] have 0 badges

D/Launcher.BadgeCache, (29137): updateBadgeCounts, app[-1] have 0 badges

D/Launcher.Model(29137): reloadBadges, badges count : 0

D/Launcher.Model(29137): reloadBadges, origCallbacks : java.lang.ref.WeakReference@42a50ca0

V/MediaPlayerService( 1944): Client(1269) destructor pid = 11582

V/MediaPlayerService( 1944): disconnect(1269) from pid 11582

V/StagefrightPlayer( 1944): reset

V/AwesomePlayer( 1944): reset_l()

V/AwesomePlayer( 1944): cancelPlayerEvents (keepNotifications=0)

V/AwesomePlayer( 1944): mAudioTrackVector clear

V/AudioSink( 1944): stop

V/AudioSink( 1944): +++ close

V/AudioPolicyManagerBase( 1944): releaseOutput() 2

W/AudioFlinger( 1944): session id 1491 not found for pid 1944

V/AudioSink( 1944): --- close

I/OMXCodec( 1944): [OMX.google.vorbis.decoder] stop() sendCommand(0x581, OMX_CommandStateSet, OMX_StateIdle)

I/AudioPlayer( 1944): reset out

V/AwesomePlayer( 1944): reset_l() mAudioPlayer successfully deleted

I/SecMediaClock( 1944): SecMediaClock destructor

V/AwesomePlayer( 1944): mSecMediaClock clear

V/StagefrightPlayer( 1944): ~StagefrightPlayer

V/StagefrightPlayer( 1944): reset

V/AwesomePlayer( 1944): reset_l()

V/AwesomePlayer( 1944): cancelPlayerEvents (keepNotifications=0)

V/AwesomePlayer( 1944): mAudioTrackVector clear

V/AwesomePlayer( 1944): reset_l() mAudioPlayer successfully deleted

V/AwesomePlayer( 1944): mSecMediaClock clear

V/AwesomePlayer( 1944): destructor

V/AwesomePlayer( 1944): reset_l()

V/AwesomePlayer( 1944): cancelPlayerEvents (keepNotifications=0)

V/AwesomePlayer( 1944): mAudioTrackVector clear

V/AwesomePlayer( 1944): reset_l() mAudioPlayer successfully deleted

V/AwesomePlayer( 1944): mSecMediaClock clear

V/AudioSink( 1944): +++ close

V/AudioSink( 1944): --- close

D/STATUSBAR-StatusBarManagerService( 2357): manageDisableList what=0x0 pkg=WindowManager.LayoutParams

E/ViewRootImpl( 2357): sendUserActionEvent() mView == null

D/AbsListView(29137): unregisterIRListener() is called 

E/EnterpriseContainerManager( 2357): ContainerPolicy Service is not yet ready!!!

D/EnterpriseDeviceManager( 2357): ContainerId: 0

W/LicenseLogService( 2357): log() is called by non admin

W/InputMethodManagerService( 2357): Got RemoteException sending setActive(false) notification to pid 11582 uid 10212

D/SSRMv2:Monitor( 2357): SIOP:: AP = 300 (read only)

W/LicenseLogService( 2357): log() is called by non admin

W/LicenseLogService( 2357): log() is called by non admin

W/LicenseLogService( 2357): log() is called by non admin

W/LicenseLogService( 2357): log() is called by non admin

W/LicenseLogService( 2357): log() is called by non admin

W/LicenseLogService( 2357): log() is called by non admin

W/LicenseLogService( 2357): log() is called by non admin

W/LicenseLogService( 2357): log() is called by non admin

W/LicenseLogService( 2357): log() is called by non admin

I/SurfaceFlinger( 1941): id=2741 Removed bndroid (4/5)

I/SurfaceFlinger( 1941): id=2741 Removed bndroid (-2/5)

E/ActivityThread(12083): Service com.android.email.service.AttachmentDownloadService has leaked ServiceConnection com.android.emailcommon.service.ServiceProxy$ProxyConnection@42a8c5c0 that was originally bound here

E/ActivityThread(12083): android.app.ServiceConnectionLeaked: Service com.android.email.service.AttachmentDownloadService has leaked ServiceConnection com.android.emailcommon.service.ServiceProxy$ProxyConnection@42a8c5c0 that was originally bound here

E/ActivityThread(12083): 	at android.app.LoadedApk$ServiceDispatcher.<init>(LoadedApk.java:979)

E/ActivityThread(12083): 	at android.app.LoadedApk.getServiceDispatcher(LoadedApk.java:873)

E/ActivityThread(12083): 	at android.app.ContextImpl.bindServiceAsUser(ContextImpl.java:1833)

E/ActivityThread(12083): 	at android.app.ContextImpl.bindService(ContextImpl.java:1821)

E/ActivityThread(12083): 	at android.content.ContextWrapper.bindService(ContextWrapper.java:503)

E/ActivityThread(12083): 	at com.android.emailcommon.service.ServiceProxy.setTask(ServiceProxy.java:158)

E/ActivityThread(12083): 	at com.android.emailcommon.service.ServiceProxy.setTask(ServiceProxy.java:146)

E/ActivityThread(12083): 	at com.android.emailcommon.service.EmailServiceProxy.removeCallback(EmailServiceProxy.java:274)

E/ActivityThread(12083): 	at com.android.email.service.AttachmentDownloadService.run(AttachmentDownloadService.java:1528)

E/ActivityThread(12083): 	at java.lang.Thread.run(Thread.java:841)

D/dalvikvm(12083): GC_CONCURRENT freed 582K, 15% free 9865K/11584K, paused 9ms+13ms, total 98ms

D/BadgeProvider(12101): query, [selection] : package='com.android.email' AND class='com.android.email.activity.Welcome' AND extraData='base_extra_badge'

D/Launcher.Model(29137): reloadBadges entered.

D/BadgeProvider(12101): sendNotify entered. [uri] : content://com.sec.badge/apps/1

D/BadgeProvider(12101): sendNotify, [notify] : null

D/BadgeProvider(12101): update, [uri] : content://com.sec.badge/apps/1

D/BadgeProvider(12101): update, [BadgeCount] : badgecount=0

D/BadgeProvider(12101): update, [UpdateCount] : 1

D/Launcher.BadgeCache, (29137): updateBadgeCounts, app[1] have 0 badges

D/Launcher.BadgeCache, (29137): updateBadgeCounts, app[0] have 0 badges

D/Launcher.BadgeCache, (29137): updateBadgeCounts, app[2] have 0 badges

D/Launcher.BadgeCache, (29137): updateBadgeCounts, app[3] have 0 badges

D/Launcher.BadgeCache, (29137): updateBadgeCounts, app[-1] have 0 badges

D/Launcher.BadgeCache, (29137): updateBadgeCounts, app[-1] have 0 badges

D/Launcher.Model(29137): reloadBadges, badges count : 0

D/Launcher.Model(29137): reloadBadges, origCallbacks : java.lang.ref.WeakReference@42a50ca0

W/dalvikvm(12149): Refusing to reopen boot DEX '/system/framework/commonimsinterface.jar'

E/ActivityThread(12120): Service com.android.exchange.ExchangeService has leaked ServiceConnection com.android.emailcommon.service.ServiceProxy$ProxyConnection@429c0fc0 that was originally bound here

E/ActivityThread(12120): android.app.ServiceConnectionLeaked: Service com.android.exchange.ExchangeService has leaked ServiceConnection com.android.emailcommon.service.ServiceProxy$ProxyConnection@429c0fc0 that was originally bound here

E/ActivityThread(12120): 	at android.app.LoadedApk$ServiceDispatcher.<init>(LoadedApk.java:979)

E/ActivityThread(12120): 	at android.app.LoadedApk.getServiceDispatcher(LoadedApk.java:873)

E/ActivityThread(12120): 	at android.app.ContextImpl.bindServiceAsUser(ContextImpl.java:1833)

E/ActivityThread(12120): 	at android.app.ContextImpl.bindService(ContextImpl.java:1821)

E/ActivityThread(12120): 	at android.content.ContextWrapper.bindService(ContextWrapper.java:503)

E/ActivityThread(12120): 	at com.android.emailcommon.service.ServiceProxy.setTask(ServiceProxy.java:158)

E/ActivityThread(12120): 	at com.android.emailcommon.service.ServiceProxy.setTask(ServiceProxy.java:146)

E/ActivityThread(12120): 	at com.android.emailcommon.service.AccountServiceProxy.restoreAccountsIfNeeded(AccountServiceProxy.java:135)

E/ActivityThread(12120): 	at com.android.exchange.ExchangeService$11.run(ExchangeService.java:4645)

E/ActivityThread(12120): 	at com.android.emailcommon.utility.Utility$2.doInBackground(Utility.java:1053)

E/ActivityThread(12120): 	at com.android.emailcommon.utility.Utility$2.doInBackground(Utility.java:1050)

E/ActivityThread(12120): 	at android.os.AsyncTask$2.call(AsyncTask.java:287)

E/ActivityThread(12120): 	at java.util.concurrent.FutureTask.run(FutureTask.java:234)

E/ActivityThread(12120): 	at android.os.AsyncTask$SerialExecutor$1.run(AsyncTask.java:230)

E/ActivityThread(12120): 	at java.util.concurrent.ThreadPoolExecutor.runWorker(ThreadPoolExecutor.java:1080)

E/ActivityThread(12120): 	at java.util.concurrent.ThreadPoolExecutor$Worker.run(ThreadPoolExecutor.java:573)

E/ActivityThread(12120): 	at java.lang.Thread.run(Thread.java:841)

V/VibratorService( 2357): useVibetonz: true

W/dalvikvm(12184): Refusing to reopen boot DEX '/system/framework/seccamera.jar'

W/dalvikvm(12184): Refusing to reopen boot DEX '/system/framework/commonimsinterface.jar'

D/Mms/MmsApp(12184): [start]    onCreate()

D/Mms/MmsApp(12184): onCreate() com.android.mms

D/Mms/MmsConfig(12184): before partial update

D/Mms/MmsConfig(12184): Load Resize quality : 80

D/Mms/MmsConfig(12184):  enable multiwindow = true

E/Mms/MessageUtils(12184): setCountryDetector : update country detector info 

E/Mms/MessageUtils(12184): updateCountryIso : update country iso info 

D/dalvikvm(12184): GC_CONCURRENT freed 217K, 12% free 10192K/11560K, paused 3ms+4ms, total 44ms

D/STATUSBAR-NetworkController( 2638): onReceive() - RSSI_CHANGED_ACTION, WIFI_STATE, NETWORK_STATE

D/STATUSBAR-NetworkController( 2638): refreshSignalCluster: data=0 bt=false

D/STATUSBAR-IconMerger( 2638): checkOverflow(336), More:false, Req:false Child:3

D/Mms/Conversation(12184): init()

D/STATUSBAR-NetworkController( 2638): onSignalStrengthsChanged signalStrength=SignalStrength: 24 -1 -1 -1 -1 -1 -1 99 -140 -20 -200 -1 2147483647 gsm|lte 0x4 level=4

I/Mms/ReservationManager(12184): ReservationManager()

I/Mms/ReservationManager(12184): resetAfterConnected()

I/Mms/ReservationManager(12184): getReservedSendMessageCount(): retMessageCount=0

D/Mms/MmsApp(12184): [end]    onCreate()

D/Mms/UIEventReceiver(12184): ui event

D/Mms/DownloadManager(12184): Service state changed: Bundle[mParcelledData.dataSize=808]

D/Mms/DownloadManager(12184): roaming ------> false

D/Mms/DownloadManager(12184): mAutoDownload ------> true

D/dalvikvm(12184): GC_CONCURRENT freed 116K, 12% free 10462K/11800K, paused 1ms+1ms, total 24ms

