

I/GATE    (11582): <GATE-M>DEV_ACTION_COMPLETED</GATE-M>

D/com.appgyver.preview.ESWebViewClient(11582): shouldInterceptRequest: http://localhost/index.html

D/com.appgyver.preview.ESWebViewClient(11582): Intercepting localhost request for http://localhost/index.html

D/com.appgyver.preview.ESWebViewClient(11582): Handling localhost userFile for /index.html

D/com.appgyver.preview.ESWebViewClient(11582): Handling localhost applicationFile for /index.html

D/com.appgyver.preview.ESWebViewClient(11582): Responding to request for: /index.html

D/webcore (11582):  CORE loadUrl: called

D/webkit  (11582): Firewall not null

D/webkit  (11582): euler: isUrlBlocked = false

D/STATUSBAR-NetworkController( 2638): onSignalStrengthsChanged signalStrength=SignalStrength: 22 -1 -1 -1 -1 -1 -1 99 -140 -20 -200 -1 2147483647 gsm|lte 0x4 level=4

D/webcore (11582):  CORE loadUrl: called

D/webkit  (11582): Firewall not null

D/webkit  (11582): euler: isUrlBlocked = false

D/com.appgyver.preview.ESWebViewClient(11582): shouldInterceptRequest: http://localhost/cordova.js

D/com.appgyver.preview.ESWebViewClient(11582): Intercepting localhost request for http://localhost/cordova.js

D/com.appgyver.preview.ESWebViewClient(11582): Responding to request for: /cordova.js

D/com.appgyver.preview.ESWebViewClient(11582): shouldInterceptRequest: http://localhost/components/steroids-js/steroids.js

D/com.appgyver.preview.ESWebViewClient(11582): Intercepting localhost request for http://localhost/components/steroids-js/steroids.js

D/com.appgyver.preview.ESWebViewClient(11582): Handling localhost userFile for /components/steroids-js/steroids.js

D/com.appgyver.preview.ESWebViewClient(11582): Handling localhost applicationFile for /components/steroids-js/steroids.js

D/com.appgyver.preview.ESWebViewClient(11582): Responding to request for: /components/steroids-js/steroids.js

V/WindowManager( 2357): Window{43494c18 u0 Keyguard}mOrientationRequetedFromKeyguard=false

I/Web Console(11582): exception firing resume event from native:1

D/com.appgyver.preview.BaseApplicationActivity(11582): onMessage(onPageStarted,http://localhost/index.html)

D/com.appgyver.preview.ESWebViewClient(11582): onPageStarted: http://localhost/index.html

D/com.appgyver.preview.BaseApplicationActivity(11582): onMessage(onPageFinished,http://localhost/index.html)

D/com.appgyver.preview.ESWebViewClient(11582): onPageFinished: http://localhost/index.html

D/com.appgyver.preview.BaseApplicationActivity(11582): onMessage(onPageStarted,http://localhost/index.html)

D/com.appgyver.preview.ESWebViewClient(11582): onPageStarted: http://localhost/index.html

I/Web Console(11582): exception firing resume event from native:1

E/OpenGLRenderer(29137): SFEffectCache:clear(), mSize = 0

D/Launcher(29137): onTrimMemory. Level: 80

D/Launcher(29137): releaseShadows called

W/ManagedEGLContext(29137): doTerminate failed: EGL count is 2 but managed count is 1

V/WindowManager( 2357): Window{43494c18 u0 Keyguard}mOrientationRequetedFromKeyguard=false

D/com.appgyver.preview.ESWebViewClient(11582): shouldInterceptRequest: http://localhost/cordova_plugins.js

D/com.appgyver.preview.ESWebViewClient(11582): Intercepting localhost request for http://localhost/cordova_plugins.js

D/com.appgyver.preview.ESWebViewClient(11582): Responding to request for: /cordova_plugins.js

I/SurfaceFlinger( 1941): id=2735 Removed TtartPrevie (2/5)

I/SurfaceFlinger( 1941): id=2735 Removed TtartPrevie (-2/5)

W/ActivityManager( 2357): mDVFSHelper.release()

D/WebView (11582): loadUrlImpl: called

D/WebView (11582): loadUrlImpl: called

D/WebView (11582): loadUrlImpl: called

D/WebView (11582): loadUrlImpl: called

D/WebView (11582): loadUrlImpl: called

D/webcore (11582):  CORE loadUrl: called

D/webkit  (11582): Firewall not null

D/webkit  (11582): euler: isUrlBlocked = false

D/webcore (11582):  CORE loadUrl: called

D/webkit  (11582): Firewall not null

D/webkit  (11582): euler: isUrlBlocked = false

D/webcore (11582):  CORE loadUrl: called

D/webkit  (11582): Firewall not null

D/webkit  (11582): euler: isUrlBlocked = false

D/webcore (11582):  CORE loadUrl: called

D/webkit  (11582): Firewall not null

D/webkit  (11582): euler: isUrlBlocked = false

D/webcore (11582):  CORE loadUrl: called

D/webkit  (11582): Firewall not null

D/webkit  (11582): euler: isUrlBlocked = false

D/WebView (11582): loadUrlImpl: called

D/WebView (11582): loadUrlImpl: called

D/WebView (11582): loadUrlImpl: called

D/WebView (11582): loadUrlImpl: called

D/webcore (11582):  CORE loadUrl: called

D/webkit  (11582): Firewall not null

D/webkit  (11582): euler: isUrlBlocked = false

D/webcore (11582):  CORE loadUrl: called

D/webkit  (11582): Firewall not null

D/webkit  (11582): euler: isUrlBlocked = false

D/webcore (11582):  CORE loadUrl: called

D/webkit  (11582): Firewall not null

D/webkit  (11582): euler: isUrlBlocked = false

D/webcore (11582):  CORE loadUrl: called

D/webkit  (11582): Firewall not null

D/webkit  (11582): euler: isUrlBlocked = false

D/WebView (11582): loadUrlImpl: called

D/WebView (11582): loadUrlImpl: called

D/webcore (11582):  CORE loadUrl: called

D/webkit  (11582): Firewall not null

D/webkit  (11582): euler: isUrlBlocked = false

D/webcore (11582):  CORE loadUrl: called

D/webkit  (11582): Firewall not null

D/webkit  (11582): euler: isUrlBlocked = false

I/GATE    (11582): <GATE-M>DEV_ACTION_COMPLETED</GATE-M>

D/com.appgyver.preview.BaseApplicationActivity(11582): onMessage(onPageFinished,http://localhost/index.html)

D/com.appgyver.preview.ESWebViewClient(11582): onPageFinished: http://localhost/index.html

D/com.appgyver.preview.ESWebViewClient(11582): shouldInterceptRequest: http://undefined/__appgyver/logger

D/com.appgyver.preview.ESWebViewClient(11582): onLoadResource: http://undefined/__appgyver/logger

D/com.appgyver.preview.ESWebViewClient(11582): shouldInterceptRequest: http://undefined/__appgyver/logger

D/com.appgyver.preview.ESWebViewClient(11582): onLoadResource: http://undefined/__appgyver/logger

D/com.appgyver.preview.ESWebViewClient(11582): shouldInterceptRequest: http://undefined/__appgyver/logger

D/com.appgyver.preview.ESWebViewClient(11582): onLoadResource: http://undefined/__appgyver/logger

D/com.appgyver.preview.ESWebViewClient(11582): shouldInterceptRequest: http://undefined/__appgyver/logger

D/com.appgyver.preview.ESWebViewClient(11582): onLoadResource: http://undefined/__appgyver/logger

D/com.appgyver.preview.ESWebViewClient(11582): shouldInterceptRequest: http://undefined/__appgyver/logger

D/com.appgyver.preview.ESWebViewClient(11582): onLoadResource: http://undefined/__appgyver/logger

D/com.appgyver.preview.ESWebViewClient(11582): shouldInterceptRequest: http://undefined/__appgyver/logger

D/com.appgyver.preview.ESWebViewClient(11582): onLoadResource: http://undefined/__appgyver/logger

D/com.appgyver.preview.ESWebViewClient(11582): shouldInterceptRequest: http://undefined/__appgyver/logger

D/com.appgyver.preview.ESWebViewClient(11582): onLoadResource: http://undefined/__appgyver/logger

D/com.appgyver.preview.ESWebViewClient(11582): shouldInterceptRequest: http://undefined/__appgyver/logger

D/com.appgyver.preview.ESWebViewClient(11582): onLoadResource: http://undefined/__appgyver/logger

D/com.appgyver.preview.ESWebViewClient(11582): shouldInterceptRequest: http://undefined/__appgyver/logger

D/com.appgyver.preview.ESWebViewClient(11582): onLoadResource: http://undefined/__appgyver/logger

D/com.appgyver.preview.ESWebViewClient(11582): shouldInterceptRequest: http://undefined/__appgyver/logger

D/com.appgyver.preview.ESWebViewClient(11582): onLoadResource: http://undefined/__appgyver/logger

D/com.appgyver.preview.ESWebViewClient(11582): shouldInterceptRequest: http://undefined/__appgyver/logger

D/com.appgyver.preview.ESWebViewClient(11582): onLoadResource: http://undefined/__appgyver/logger

D/com.appgyver.preview.ESWebViewClient(11582): shouldInterceptRequest: http://undefined/__appgyver/logger

D/com.appgyver.preview.ESWebViewClient(11582): onLoadResource: http://undefined/__appgyver/logger

D/com.appgyver.preview.ESWebViewClient(11582): shouldInterceptRequest: http://undefined/__appgyver/logger

D/com.appgyver.preview.ESWebViewClient(11582): onLoadResource: http://undefined/__appgyver/logger

D/com.appgyver.preview.ESWebViewClient(11582): shouldInterceptRequest: http://undefined/__appgyver/logger

D/com.appgyver.preview.ESWebViewClient(11582): onLoadResource: http://undefined/__appgyver/logger

D/com.appgyver.preview.ESWebViewClient(11582): shouldInterceptRequest: http://undefined/__appgyver/logger

D/com.appgyver.preview.ESWebViewClient(11582): onLoadResource: http://undefined/__appgyver/logger

D/com.appgyver.preview.ESWebViewClient(11582): shouldInterceptRequest: http://undefined/__appgyver/logger

D/com.appgyver.preview.ESWebViewClient(11582): onLoadResource: http://undefined/__appgyver/logger

D/com.appgyver.preview.ESWebViewClient(11582): shouldInterceptRequest: http://undefined/__appgyver/logger

D/com.appgyver.preview.ESWebViewClient(11582): onLoadResource: http://undefined/__appgyver/logger

D/com.appgyver.preview.ESWebViewClient(11582): shouldInterceptRequest: http://undefined/__appgyver/logger

D/com.appgyver.preview.ESWebViewClient(11582): onLoadResource: http://undefined/__appgyver/logger

D/com.appgyver.preview.ESWebViewClient(11582): shouldInterceptRequest: http://undefined/__appgyver/logger

D/com.appgyver.preview.ESWebViewClient(11582): onLoadResource: http://undefined/__appgyver/logger

D/com.appgyver.preview.ESWebViewClient(11582): shouldInterceptRequest: http://undefined/__appgyver/logger

D/com.appgyver.preview.ESWebViewClient(11582): onLoadResource: http://undefined/__appgyver/logger

D/com.appgyver.preview.ESWebViewClient(11582): shouldInterceptRequest: http://undefined/__appgyver/logger

D/com.appgyver.preview.ESWebViewClient(11582): onLoadResource: http://undefined/__appgyver/logger

D/com.appgyver.preview.ESWebViewClient(11582): shouldInterceptRequest: http://undefined/__appgyver/logger

D/com.appgyver.preview.ESWebViewClient(11582): onLoadResource: http://undefined/__appgyver/logger

D/com.appgyver.preview.ESWebViewClient(11582): shouldInterceptRequest: http://undefined/__appgyver/logger

D/com.appgyver.preview.ESWebViewClient(11582): onLoadResource: http://undefined/__appgyver/logger

D/com.appgyver.preview.ESWebViewClient(11582): shouldInterceptRequest: http://undefined/__appgyver/logger

D/com.appgyver.preview.ESWebViewClient(11582): onLoadResource: http://undefined/__appgyver/logger

D/com.appgyver.preview.ESWebViewClient(11582): shouldInterceptRequest: http://undefined/__appgyver/logger

D/com.appgyver.preview.ESWebViewClient(11582): onLoadResource: http://undefined/__appgyver/logger

D/com.appgyver.preview.ESWebViewClient(11582): shouldInterceptRequest: http://undefined/__appgyver/logger

D/com.appgyver.preview.ESWebViewClient(11582): onLoadResource: http://undefined/__appgyver/logger

D/com.appgyver.preview.ESWebViewClient(11582): shouldInterceptRequest: http://undefined/__appgyver/logger

D/com.appgyver.preview.ESWebViewClient(11582): onLoadResource: http://undefined/__appgyver/logger

D/com.appgyver.preview.ESWebViewClient(11582): shouldInterceptRequest: http://undefined/__appgyver/logger

D/com.appgyver.preview.ESWebViewClient(11582): onLoadResource: http://undefined/__appgyver/logger

D/com.appgyver.preview.ESWebViewClient(11582): shouldInterceptRequest: http://undefined/__appgyver/logger

D/com.appgyver.preview.ESWebViewClient(11582): onLoadResource: http://undefined/__appgyver/logger

D/com.appgyver.preview.ESWebViewClient(11582): shouldInterceptRequest: http://undefined/__appgyver/logger

D/com.appgyver.preview.ESWebViewClient(11582): onLoadResource: http://undefined/__appgyver/logger

D/com.appgyver.preview.ESWebViewClient(11582): shouldInterceptRequest: http://undefined/__appgyver/logger

D/com.appgyver.preview.ESWebViewClient(11582): onLoadResource: http://undefined/__appgyver/logger

D/com.appgyver.preview.ESWebViewClient(11582): shouldInterceptRequest: http://undefined/__appgyver/logger

D/com.appgyver.preview.ESWebViewClient(11582): onLoadResource: http://undefined/__appgyver/logger

D/com.appgyver.preview.ESWebViewClient(11582): shouldInterceptRequest: http://undefined/__appgyver/logger

D/com.appgyver.preview.ESWebViewClient(11582): onLoadResource: http://undefined/__appgyver/logger

D/com.appgyver.preview.ESWebViewClient(11582): shouldInterceptRequest: http://undefined/__appgyver/logger

D/com.appgyver.preview.ESWebViewClient(11582): onLoadResource: http://undefined/__appgyver/logger

D/com.appgyver.preview.ESWebViewClient(11582): shouldInterceptRequest: http://undefined/__appgyver/logger

D/com.appgyver.preview.ESWebViewClient(11582): onLoadResource: http://undefined/__appgyver/logger

D/com.appgyver.preview.ESWebViewClient(11582): shouldInterceptRequest: http://undefined/__appgyver/logger

D/com.appgyver.preview.ESWebViewClient(11582): onLoadResource: http://undefined/__appgyver/logger

D/com.appgyver.preview.BaseApplicationActivity(11582): onMessage(spinner,stop)

D/com.appgyver.preview.BaseApplicationActivity(11582): onMessage(spinner,stop)

D/com.appgyver.preview.ESWebViewClient(11582): shouldInterceptRequest: http://undefined/__appgyver/logger

D/com.appgyver.preview.ESWebViewClient(11582): onLoadResource: http://undefined/__appgyver/logger

D/com.appgyver.preview.ESWebViewClient(11582): shouldInterceptRequest: http://undefined/__appgyver/logger

D/com.appgyver.preview.ESWebViewClient(11582): onLoadResource: http://undefined/__appgyver/logger

D/com.appgyver.preview.ESWebViewClient(11582): shouldInterceptRequest: http://undefined/__appgyver/logger

D/com.appgyver.preview.ESWebViewClient(11582): onLoadResource: http://undefined/__appgyver/logger

D/com.appgyver.preview.ESWebViewClient(11582): shouldInterceptRequest: http://undefined/__appgyver/logger

D/com.appgyver.preview.ESWebViewClient(11582): onLoadResource: http://undefined/__appgyver/logger

D/com.appgyver.preview.ESWebViewClient(11582): shouldInterceptRequest: http://undefined/__appgyver/logger

D/com.appgyver.preview.ESWebViewClient(11582): onLoadResource: http://undefined/__appgyver/logger

W/SocketClient( 1933): write error (Broken pipe)

D/com.appgyver.preview.ESWebViewClient(11582): shouldInterceptRequest: http://undefined/__appgyver/logger

D/com.appgyver.preview.ESWebViewClient(11582): onLoadResource: http://undefined/__appgyver/logger

D/com.appgyver.preview.ESWebViewClient(11582): shouldInterceptRequest: http://undefined/__appgyver/logger

D/com.appgyver.preview.ESWebViewClient(11582): onLoadResource: http://undefined/__appgyver/logger

D/com.appgyver.preview.ESWebViewClient(11582): shouldInterceptRequest: http://undefined/__appgyver/logger

D/com.appgyver.preview.ESWebViewClient(11582): onLoadResource: http://undefined/__appgyver/logger

D/com.appgyver.preview.ESWebViewClient(11582): shouldInterceptRequest: http://undefined/__appgyver/logger

D/com.appgyver.preview.ESWebViewClient(11582): onLoadResource: http://undefined/__appgyver/logger

D/com.appgyver.preview.ESWebViewClient(11582): shouldInterceptRequest: http://undefined/__appgyver/logger

D/com.appgyver.preview.ESWebViewClient(11582): onLoadResource: http://undefined/__appgyver/logger

D/com.appgyver.preview.ESWebViewClient(11582): shouldInterceptRequest: http://undefined/__appgyver/logger

D/com.appgyver.preview.ESWebViewClient(11582): onLoadResource: http://undefined/__appgyver/logger

D/com.appgyver.preview.ESWebViewClient(11582): shouldInterceptRequest: http://undefined/__appgyver/logger

D/com.appgyver.preview.ESWebViewClient(11582): onLoadResource: http://undefined/__appgyver/logger

D/com.appgyver.preview.ESWebViewClient(11582): shouldInterceptRequest: http://undefined/__appgyver/logger

D/com.appgyver.preview.ESWebViewClient(11582): onLoadResource: http://undefined/__appgyver/logger

D/com.appgyver.preview.ESWebViewClient(11582): shouldInterceptRequest: http://undefined/__appgyver/logger

D/com.appgyver.preview.ESWebViewClient(11582): onLoadResource: http://undefined/__appgyver/logger

D/com.appgyver.preview.ESWebViewClient(11582): shouldInterceptRequest: http://undefined/__appgyver/logger

D/com.appgyver.preview.ESWebViewClient(11582): onLoadResource: http://undefined/__appgyver/logger

D/com.appgyver.preview.ESWebViewClient(11582): shouldInterceptRequest: http://undefined/__appgyver/logger

D/com.appgyver.preview.ESWebViewClient(11582): onLoadResource: http://undefined/__appgyver/logger

D/com.appgyver.preview.ESWebViewClient(11582): shouldInterceptRequest: http://undefined/__appgyver/logger

D/com.appgyver.preview.ESWebViewClient(11582): onLoadResource: http://undefined/__appgyver/logger

D/com.appgyver.preview.ESWebViewClient(11582): shouldInterceptRequest: http://undefined/__appgyver/logger

D/com.appgyver.preview.ESWebViewClient(11582): onLoadResource: http://undefined/__appgyver/logger

D/com.appgyver.preview.ESWebViewClient(11582): shouldInterceptRequest: http://undefined/__appgyver/logger

D/com.appgyver.preview.ESWebViewClient(11582): onLoadResource: http://undefined/__appgyver/logger

D/com.appgyver.preview.ESWebViewClient(11582): shouldInterceptRequest: http://undefined/__appgyver/logger

D/com.appgyver.preview.ESWebViewClient(11582): onLoadResource: http://undefined/__appgyver/logger

D/com.appgyver.preview.ESWebViewClient(11582): shouldInterceptRequest: http://undefined/__appgyver/logger

D/com.appgyver.preview.ESWebViewClient(11582): onLoadResource: http://undefined/__appgyver/logger

D/com.appgyver.preview.ESWebViewClient(11582): shouldInterceptRequest: http://undefined/__appgyver/logger

D/com.appgyver.preview.ESWebViewClient(11582): onLoadResource: http://undefined/__appgyver/logger

D/com.appgyver.preview.ESWebViewClient(11582): shouldInterceptRequest: http://undefined/__appgyver/logger

D/com.appgyver.preview.ESWebViewClient(11582): onLoadResource: http://undefined/__appgyver/logger

D/com.appgyver.preview.ESWebViewClient(11582): shouldInterceptRequest: http://undefined/__appgyver/logger

D/com.appgyver.preview.ESWebViewClient(11582): onLoadResource: http://undefined/__appgyver/logger

D/com.appgyver.preview.ESWebViewClient(11582): shouldInterceptRequest: http://undefined/__appgyver/logger

D/com.appgyver.preview.ESWebViewClient(11582): onLoadResource: http://undefined/__appgyver/logger

D/com.appgyver.preview.ESWebViewClient(11582): shouldInterceptRequest: http://undefined/__appgyver/logger

D/com.appgyver.preview.ESWebViewClient(11582): onLoadResource: http://undefined/__appgyver/logger

E/OpenGLRenderer(29137): SFEffectCache:clear(), mSize = 0

D/Launcher(29137): onTrimMemory. Level: 80

D/Launcher(29137): releaseShadows called

W/ManagedEGLContext(29137): doTerminate failed: EGL count is 2 but managed count is 1

D/dalvikvm( 1942): GC_EXPLICIT freed 40K, 12% free 9453K/10648K, paused 11ms+5ms, total 74ms

D/dalvikvm( 1942): GC_EXPLICIT freed <1K, 12% free 9453K/10648K, paused 2ms+3ms, total 27ms

D/dalvikvm( 1942): GC_EXPLICIT freed <1K, 12% free 9453K/10648K, paused 2ms+3ms, total 22ms

I/GATE    (11582): <GATE-M>DEV_ACTION_COMPLETED</GATE-M>

D/com.appgyver.preview.BackgroundAGContext(11582): Evaling to background: 

D/WebView (11582): loadUrlImpl: called

D/webcore (11582):  CORE loadUrl: called

D/webkit  (11582): Firewall not null

D/webkit  (11582): euler: isUrlBlocked = false

I/dalvikvm(11819): Could not find method android.app.AlarmManager.setExact, referenced from method com.whatsapp.App.Ob

W/dalvikvm(11819): VFY: unable to resolve virtual method 156: Landroid/app/AlarmManager;.setExact (IJLandroid/app/PendingIntent;)V

D/dalvikvm(11819): VFY: replacing opcode 0x6e at 0x003b

D/SSRMv2:Monitor( 2357): SIOP:: AP = 300, Prev AP = 300, Duration = 10003

I/dalvikvm(11819): Could not find method android.app.AlarmManager.setExact, referenced from method com.whatsapp.App.Wb

W/dalvikvm(11819): VFY: unable to resolve virtual method 156: Landroid/app/AlarmManager;.setExact (IJLandroid/app/PendingIntent;)V

D/dalvikvm(11819): VFY: replacing opcode 0x6e at 0x0069

I/dalvikvm(11819): Could not find method android.app.AlarmManager.setExact, referenced from method com.whatsapp.App.c

W/dalvikvm(11819): VFY: unable to resolve virtual method 156: Landroid/app/AlarmManager;.setExact (IJLandroid/app/PendingIntent;)V

D/dalvikvm(11819): VFY: replacing opcode 0x6e at 0x004a

I/dalvikvm(11819): Could not find method android.app.AlarmManager.setExact, referenced from method com.whatsapp.App.lb

W/dalvikvm(11819): VFY: unable to resolve virtual method 156: Landroid/app/AlarmManager;.setExact (IJLandroid/app/PendingIntent;)V

D/dalvikvm(11819): VFY: replacing opcode 0x6e at 0x0072

D/dalvikvm(11819): GC_CONCURRENT freed 601K, 16% free 9877K/11632K, paused 5ms+2ms, total 31ms

D/dalvikvm(11819): WAIT_FOR_CONCURRENT_GC blocked 17ms

D/dalvikvm(11819): GC_CONCURRENT freed 289K, 14% free 10052K/11632K, paused 1ms+5ms, total 24ms

D/dalvikvm(11819): GC_CONCURRENT freed 369K, 14% free 10155K/11688K, paused 4ms+4ms, total 30ms

I/dalvikvm(11819): Could not find method android.app.AlarmManager.setExact, referenced from method com.whatsapp.messaging.MessageService.a

W/dalvikvm(11819): VFY: unable to resolve virtual method 156: Landroid/app/AlarmManager;.setExact (IJLandroid/app/PendingIntent;)V

D/dalvikvm(11819): VFY: replacing opcode 0x6e at 0x0096

I/dalvikvm(11819): Could not find method android.app.AlarmManager.setExact, referenced from method com.whatsapp.messaging.MessageService.o

W/dalvikvm(11819): VFY: unable to resolve virtual method 156: Landroid/app/AlarmManager;.setExact (IJLandroid/app/PendingIntent;)V

D/dalvikvm(11819): VFY: replacing opcode 0x6e at 0x0066

V/AlarmManager( 2357): waitForAlarm result :8

E/OpenGLRenderer(29137): SFEffectCache:clear(), mSize = 0

D/Launcher(29137): onTrimMemory. Level: 80

D/Launcher(29137): releaseShadows called

W/ManagedEGLContext(29137): doTerminate failed: EGL count is 2 but managed count is 1

D/dalvikvm(11819): Trying to load lib /data/app-lib/com.whatsapp-2/libqcom.so 0x429afd10

D/dalvikvm(11819): Added shared lib /data/app-lib/com.whatsapp-2/libqcom.so 0x429afd10

D/dalvikvm(11819): No JNI_OnLoad found in /data/app-lib/com.whatsapp-2/libqcom.so 0x429afd10, skipping init

D/dalvikvm(11819): Trying to load lib /data/app-lib/com.whatsapp-2/libwhatsapp.so 0x429afd10

D/dalvikvm(11819): Added shared lib /data/app-lib/com.whatsapp-2/libwhatsapp.so 0x429afd10

I/dalvikvm(11819): Could not find method android.app.AlarmManager.setExact, referenced from method com.whatsapp.messaging.qb.h

W/dalvikvm(11819): VFY: unable to resolve virtual method 156: Landroid/app/AlarmManager;.setExact (IJLandroid/app/PendingIntent;)V

D/dalvikvm(11819): VFY: replacing opcode 0x6e at 0x0043

D/dalvikvm(11819): GC_CONCURRENT freed 539K, 14% free 10569K/12248K, paused 7ms+9ms, total 74ms

W/LicenseLogService( 2357): log() is called by non admin

D/com.appgyver.preview.BaseApplicationActivity(11582): Hiding splash, showing view!

D/Finsky  (11839): [1] FinskyApp.onCreate: Initializing network with DFE https://android.clients.google.com/fdfe/

V/WindowManager( 2357): Window{43494c18 u0 Keyguard}mOrientationRequetedFromKeyguard=false

D/WebView (11582): onSizeChanged - w:720 h:1230

D/WebView (11582): onSizeChanged - w:720 h:1230

D/Finsky  (11839): [1] DailyHygiene.goMakeHygieneIfDirty: No need to run daily hygiene.

W/Settings(11839): Setting download_manager_max_bytes_over_mobile has moved from android.provider.Settings.Secure to android.provider.Settings.Global.

W/Settings(11839): Setting download_manager_recommended_max_bytes_over_mobile has moved from android.provider.Settings.Secure to android.provider.Settings.Global.

W/LicenseLogService( 2357): log() is called by non admin

D/dalvikvm(11839): GC_CONCURRENT freed 602K, 16% free 9825K/11572K, paused 5ms+22ms, total 80ms

D/dalvikvm(11819): GC_CONCURRENT freed 409K, 13% free 10671K/12248K, paused 4ms+15ms, total 146ms

D/dalvikvm(11819): WAIT_FOR_CONCURRENT_GC blocked 43ms

D/dalvikvm(11839): GC_CONCURRENT freed 268K, 14% free 9995K/11572K, paused 4ms+3ms, total 32ms

D/dalvikvm(11839): GC_CONCURRENT freed 196K, 12% free 10228K/11588K, paused 4ms+3ms, total 29ms

D/Finsky  (11839): [1] GmsCoreHelper.cleanupNlp: result=false type=4

D/Finsky  (11839): [1] 2.run: Loaded library for account: [UDrQY20dog17DevzLbDSCBkv-LM]

D/Finsky  (11839): [1] 2.run: Finished loading 1 libraries.

D/Finsky  (11839): [1] RestoreTracker.stopServiceIfDone: Restore complete with 0 success and 0 failed.

D/Finsky  (11839): [53108] InAppBillingUtils.pickAccount: com.whatsapp: Account determined from installer data - [UDrQY20dog17DevzLbDSCBkv-LM]

I/dalvikvm(11819): Could not find method android.app.AlarmManager.setExact, referenced from method com.whatsapp.c2dm.C2DMRegistrar.a

W/dalvikvm(11819): VFY: unable to resolve virtual method 156: Landroid/app/AlarmManager;.setExact (IJLandroid/app/PendingIntent;)V

D/dalvikvm(11819): VFY: replacing opcode 0x6e at 0x0079

D/Finsky  (11839): [53131] InAppBillingUtils.pickAccount: com.whatsapp: Account determined from installer data - [UDrQY20dog17DevzLbDSCBkv-LM]

D/Finsky  (11839): [53131] InAppBillingUtils.pickAccount: com.whatsapp: Account determined from installer data - [UDrQY20dog17DevzLbDSCBkv-LM]

W/PicturePileLayerContent(11582): Warning: painting PicturePile without content!

W/PicturePileLayerContent(11582): Warning: painting PicturePile without content!

W/PicturePileLayerContent(11582): Warning: painting PicturePile without content!

W/PicturePileLayerContent(11582): Warning: painting PicturePile without content!

W/PicturePileLayerContent(11582): Warning: painting PicturePile without content!

W/PicturePileLayerContent(11582): Warning: painting PicturePile without content!

D/dalvikvm(11839): GC_CONCURRENT freed 838K, 17% free 10366K/12364K, paused 5ms+3ms, total 30ms

E/OpenGLRenderer(29137): SFEffectCache:clear(), mSize = 0

D/Launcher(29137): onTrimMemory. Level: 80

D/Launcher(29137): releaseShadows called

W/ManagedEGLContext(29137): doTerminate failed: EGL count is 2 but managed count is 1

V/AlarmManager( 2357): waitForAlarm result :8

D/KeyguardClockWidgetService( 9838): onReceive action=android.intent.action.TIME_TICK

V/AlarmManager( 2357): ClockReceiver onReceive() ACTION_TIME_TICK

D/STATUSBAR-IconMerger( 2638): checkOverflow(336), More:false, Req:false Child:3

D/SSRMv2:Monitor( 2357): SIOP:: AP = 300 (read only)

E/OpenGLRenderer(29137): SFEffectCache:clear(), mSize = 0

D/Launcher(29137): onTrimMemory. Level: 80

D/Launcher(29137): releaseShadows called

W/ManagedEGLContext(29137): doTerminate failed: EGL count is 2 but managed count is 1

D/Finsky  (11839): [53109] InAppBillingUtils.pickAccount: com.whatsapp: Account determined from installer data - [UDrQY20dog17DevzLbDSCBkv-LM]

D/Finsky  (11839): [53109] InAppBillingUtils.pickAccount: com.whatsapp: Account determined from installer data - [UDrQY20dog17DevzLbDSCBkv-LM]

D/dalvikvm(11819): GC_CONCURRENT freed 279K, 13% free 10786K/12268K, paused 3ms+3ms, total 31ms

D/SSRMv2:Monitor( 2357): SIOP:: AP = 300 (read only)

D/BatteryService( 2357): update start

D/BatteryService( 2357): level:94, scale:100, status:2, health:2, present:true, voltage: 4263, temperature: 329, technology: Li-ion, AC powered:false, USB powered:true, Wireless powered:false, icon:17303550, invalid charger:0, online:4, charge type:1, current avg:460

D/BatteryService( 2357): Sending ACTION_BATTERY_CHANGED.

D/STATUSBAR-BatteryController( 2638): onReceive() - ACTION_BATTERY_CHANGED

D/STATUSBAR-BatteryController( 2638): onReceive() - BATTERY_STATUS_CHARGING:

D/STATUSBAR-PhoneStatusBar( 2638):  mBrightnessEnablebySettings = true mBrightnessEnablebyBattery = true mBrightnessEnablebyDisableFlag = true

D/STATUSBAR-IconMerger( 2638): checkOverflow(336), More:false, Req:false Child:3

D/LockPatternUtils( 2357): isPcwEnable = null

D/SSRMv2:Monitor( 2357): SIOP:: AP = 300 (read only)

I/InputReader( 2357): Touch event's action is 0x0 (deviceType=0) [pCnt=1, s=0.7897 ] when=116754835995000

I/InputDispatcher( 2357): Delivering touch to: action: 0x0

W/PicturePileLayerContent(11582): Warning: painting PicturePile without content!

W/PicturePileLayerContent(11582): Warning: painting PicturePile without content!

W/PicturePileLayerContent(11582): Warning: painting PicturePile without content!

W/PicturePileLayerContent(11582): Warning: painting PicturePile without content!

W/PicturePileLayerContent(11582): Warning: painting PicturePile without content!

W/PicturePileLayerContent(11582): Warning: painting PicturePile without content!

I/InputReader( 2357): Touch event's action is 0x1 (deviceType=0) [pCnt=1, s=] when=116754927672000

I/InputDispatcher( 2357): Delivering touch to: action: 0x1

V/WebViewInputDispatcher(11582): blockWebkitDraw

V/WebViewInputDispatcher(11582): blockWebkitDraw lockedfalse

D/webview (11582): blockWebkitViewMessage= false

W/ActivityManager( 2357): Permission Denial: get/set setting for user asks to run as user -2 but is calling from user 0; this requires android.permission.INTERACT_ACROSS_USERS_FULL

E/DatabaseUtils( 2357): Writing exception to parcel

E/DatabaseUtils( 2357): java.lang.SecurityException: Permission Denial: get/set setting for user asks to run as user -2 but is calling from user 0; this requires android.permission.INTERACT_ACROSS_USERS_FULL

E/DatabaseUtils( 2357): 	at com.android.server.am.ActivityManagerService.handleIncomingUser(ActivityManagerService.java:13140)

E/DatabaseUtils( 2357): 	at android.app.ActivityManager.handleIncomingUser(ActivityManager.java:2038)

E/DatabaseUtils( 2357): 	at com.android.providers.settings.SettingsProvider.callFromPackage(SettingsProvider.java:607)

E/DatabaseUtils( 2357): 	at android.content.ContentProvider$Transport.call(ContentProvider.java:279)

E/DatabaseUtils( 2357): 	at android.content.ContentProviderNative.onTransact(ContentProviderNative.java:273)

E/DatabaseUtils( 2357): 	at android.os.Binder.execTransact(Binder.java:388)

E/DatabaseUtils( 2357): 	at dalvik.system.NativeStart.run(Native Method)

I/webclipboard(11582): clipservice: android.sec.clipboard.ClipboardExManager@43340e30

V/webkit  (11582): BrowserFrame constructor: this=Handler (android.webkit.BrowserFrame) {43655a38}

D/CordovaWebView(11582): CordovaWebView is running on device made by: samsung

D/JsMessageQueue(11582): Set native->JS mode to 2

D/WebView (11582): loadUrlImpl: called

D/webcore (11582):  CORE loadUrl: called

D/webkit  (11582): Firewall not null

D/webkit  (11582): euler: isUrlBlocked = false

D/com.appgyver.preview.ESWebViewClient(11582): shouldInterceptRequest: http://localhost/modal.html

D/com.appgyver.preview.ESWebViewClient(11582): Intercepting localhost request for http://localhost/modal.html

D/com.appgyver.preview.ESWebViewClient(11582): Handling localhost userFile for /modal.html

D/WebView (11582): loadUrlImpl: called

D/com.appgyver.preview.ESWebViewClient(11582): Handling localhost applicationFile for /modal.html

D/com.appgyver.preview.ESWebViewClient(11582): Responding to request for: /modal.html

D/webcore (11582):  CORE loadUrl: called

D/webkit  (11582): Firewall not null

D/webkit  (11582): euler: isUrlBlocked = false

D/WebView (11582): loadUrlImpl: called

D/com.appgyver.preview.AGViewFragment(11582): getLayout() called!

W/com.appgyver.preview.AGViewFragment(11582): onResume() called!

D/WebView (11582): loadUrlImpl: called

D/com.appgyver.preview.BaseApplicationActivity(11582): onMessage(onPageStarted,http://localhost/modal.html)

D/com.appgyver.preview.ESWebViewClient(11582): onPageStarted: http://localhost/modal.html

D/com.appgyver.preview.ESWebViewClient(11582): shouldInterceptRequest: http://localhost/cordova.js

D/com.appgyver.preview.ESWebViewClient(11582): Intercepting localhost request for http://localhost/cordova.js

D/com.appgyver.preview.ESWebViewClient(11582): Responding to request for: /cordova.js

D/com.appgyver.preview.ESWebViewClient(11582): shouldInterceptRequest: http://localhost/components/steroids-js/steroids.js

D/com.appgyver.preview.ESWebViewClient(11582): Intercepting localhost request for http://localhost/components/steroids-js/steroids.js

D/com.appgyver.preview.ESWebViewClient(11582): Handling localhost userFile for /components/steroids-js/steroids.js

D/com.appgyver.preview.ESWebViewClient(11582): Handling localhost applicationFile for /components/steroids-js/steroids.js

D/com.appgyver.preview.ESWebViewClient(11582): Responding to request for: /components/steroids-js/steroids.js

D/WebView (11582): onSizeChanged - w:720 h:1230

D/com.appgyver.preview.ESWebViewClient(11582): shouldInterceptRequest: http://localhost/cordova_plugins.js

D/com.appgyver.preview.ESWebViewClient(11582): Intercepting localhost request for http://localhost/cordova_plugins.js

D/com.appgyver.preview.ESWebViewClient(11582): Responding to request for: /cordova_plugins.js

D/webcore (11582):  CORE loadUrl: called

D/webkit  (11582): Firewall not null

D/webkit  (11582): euler: isUrlBlocked = false

D/webcore (11582):  CORE loadUrl: called

D/webkit  (11582): Firewall not null

D/webkit  (11582): euler: isUrlBlocked = false

I/GATE    (11582): <GATE-M>DEV_ACTION_COMPLETED</GATE-M>

D/WebView (11582): loadUrlImpl: called

D/com.appgyver.preview.ESWebViewClient(11582): shouldInterceptRequest: http://localhost/plugins/org.apache.cordova.device-motion/www/Acceleration.js

D/com.appgyver.preview.ESWebViewClient(11582): Intercepting localhost request for http://localhost/plugins/org.apache.cordova.device-motion/www/Acceleration.js

D/com.appgyver.preview.ESWebViewClient(11582): Handling localhost userFile for /plugins/org.apache.cordova.device-motion/www/Acceleration.js

D/com.appgyver.preview.ESWebViewClient(11582): Handling localhost applicationFile for /plugins/org.apache.cordova.device-motion/www/Acceleration.js

D/com.appgyver.preview.ESWebViewClient(11582): Handling localhost wwwFile for /plugins/org.apache.cordova.device-motion/www/Acceleration.js

D/com.appgyver.preview.ESWebViewClient(11582): Responding to request for: /plugins/org.apache.cordova.device-motion/www/Acceleration.js

D/WebView (11582): loadUrlImpl: called

D/com.appgyver.preview.ESWebViewClient(11582): shouldInterceptRequest: http://localhost/plugins/org.apache.cordova.device-motion/www/accelerometer.js

D/com.appgyver.preview.ESWebViewClient(11582): Intercepting localhost request for http://localhost/plugins/org.apache.cordova.device-motion/www/accelerometer.js

D/com.appgyver.preview.ESWebViewClient(11582): Handling localhost userFile for /plugins/org.apache.cordova.device-motion/www/accelerometer.js

D/com.appgyver.preview.ESWebViewClient(11582): Handling localhost applicationFile for /plugins/org.apache.cordova.device-motion/www/accelerometer.js

D/com.appgyver.preview.ESWebViewClient(11582): Handling localhost wwwFile for /plugins/org.apache.cordova.device-motion/www/accelerometer.js

D/com.appgyver.preview.ESWebViewClient(11582): Responding to request for: /plugins/org.apache.cordova.device-motion/www/accelerometer.js

D/WebView (11582): loadUrlImpl: called

D/com.appgyver.preview.ESWebViewClient(11582): shouldInterceptRequest: http://localhost/plugins/org.apache.cordova.media-capture/www/CaptureAudioOptions.js

D/com.appgyver.preview.ESWebViewClient(11582): Intercepting localhost request for http://localhost/plugins/org.apache.cordova.media-capture/www/CaptureAudioOptions.js

D/com.appgyver.preview.ESWebViewClient(11582): Handling localhost userFile for /plugins/org.apache.cordova.media-capture/www/CaptureAudioOptions.js

D/com.appgyver.preview.ESWebViewClient(11582): Handling localhost applicationFile for /plugins/org.apache.cordova.media-capture/www/CaptureAudioOptions.js

D/com.appgyver.preview.ESWebViewClient(11582): Handling localhost wwwFile for /plugins/org.apache.cordova.media-capture/www/CaptureAudioOptions.js

D/com.appgyver.preview.ESWebViewClient(11582): Responding to request for: /plugins/org.apache.cordova.media-capture/www/CaptureAudioOptions.js

D/WebView (11582): loadUrlImpl: called

D/com.appgyver.preview.ESWebViewClient(11582): shouldInterceptRequest: http://localhost/plugins/org.apache.cordova.media-capture/www/CaptureImageOptions.js

D/com.appgyver.preview.ESWebViewClient(11582): Intercepting localhost request for http://localhost/plugins/org.apache.cordova.media-capture/www/CaptureImageOptions.js

D/com.appgyver.preview.ESWebViewClient(11582): Handling localhost userFile for /plugins/org.apache.cordova.media-capture/www/CaptureImageOptions.js

D/com.appgyver.preview.ESWebViewClient(11582): Handling localhost applicationFile for /plugins/org.apache.cordova.media-capture/www/CaptureImageOptions.js

D/com.appgyver.preview.ESWebViewClient(11582): Handling localhost wwwFile for /plugins/org.apache.cordova.media-capture/www/CaptureImageOptions.js

D/com.appgyver.preview.ESWebViewClient(11582): Responding to request for: /plugins/org.apache.cordova.media-capture/www/CaptureImageOptions.js

D/WebView (11582): loadUrlImpl: called

D/com.appgyver.preview.ESWebViewClient(11582): shouldInterceptRequest: http://localhost/plugins/org.apache.cordova.media-capture/www/CaptureVideoOptions.js

D/com.appgyver.preview.ESWebViewClient(11582): Intercepting localhost request for http://localhost/plugins/org.apache.cordova.media-capture/www/CaptureVideoOptions.js

D/com.appgyver.preview.ESWebViewClient(11582): Handling localhost userFile for /plugins/org.apache.cordova.media-capture/www/CaptureVideoOptions.js

D/com.appgyver.preview.ESWebViewClient(11582): Handling localhost applicationFile for /plugins/org.apache.cordova.media-capture/www/CaptureVideoOptions.js

D/com.appgyver.preview.ESWebViewClient(11582): Handling localhost wwwFile for /plugins/org.apache.cordova.media-capture/www/CaptureVideoOptions.js

D/com.appgyver.preview.ESWebViewClient(11582): Responding to request for: /plugins/org.apache.cordova.media-capture/www/CaptureVideoOptions.js

D/com.appgyver.preview.BaseApplicationActivity(11582): onMessage(onPageFinished,http://localhost/modal.html)

D/com.appgyver.preview.ESWebViewClient(11582): onPageFinished: http://localhost/modal.html

D/com.appgyver.preview.ESWebViewClient(11582): shouldInterceptRequest: http://localhost/plugins/org.apache.cordova.media-capture/www/CaptureError.js

D/com.appgyver.preview.ESWebViewClient(11582): Intercepting localhost request for http://localhost/plugins/org.apache.cordova.media-capture/www/CaptureError.js

D/com.appgyver.preview.ESWebViewClient(11582): Handling localhost userFile for /plugins/org.apache.cordova.media-capture/www/CaptureError.js

D/com.appgyver.preview.ESWebViewClient(11582): Handling localhost applicationFile for /plugins/org.apache.cordova.media-capture/www/CaptureError.js

D/com.appgyver.preview.ESWebViewClient(11582): Handling localhost wwwFile for /plugins/org.apache.cordova.media-capture/www/CaptureError.js

D/com.appgyver.preview.ESWebViewClient(11582): Responding to request for: /plugins/org.apache.cordova.media-capture/www/CaptureError.js

D/com.appgyver.preview.ESWebViewClient(11582): shouldInterceptRequest: http://localhost/plugins/org.apache.cordova.media-capture/www/MediaFileData.js

D/com.appgyver.preview.ESWebViewClient(11582): Intercepting localhost request for http://localhost/plugins/org.apache.cordova.media-capture/www/MediaFileData.js

D/com.appgyver.preview.ESWebViewClient(11582): Handling localhost userFile for /plugins/org.apache.cordova.media-capture/www/MediaFileData.js

D/com.appgyver.preview.ESWebViewClient(11582): Handling localhost applicationFile for /plugins/org.apache.cordova.media-capture/www/MediaFileData.js

D/com.appgyver.preview.ESWebViewClient(11582): Handling localhost wwwFile for /plugins/org.apache.cordova.media-capture/www/MediaFileData.js

D/com.appgyver.preview.ESWebViewClient(11582): Responding to request for: /plugins/org.apache.cordova.media-capture/www/MediaFileData.js

D/com.appgyver.preview.ESWebViewClient(11582): shouldInterceptRequest: http://localhost/plugins/org.apache.cordova.media-capture/www/MediaFile.js

D/com.appgyver.preview.ESWebViewClient(11582): Intercepting localhost request for http://localhost/plugins/org.apache.cordova.media-capture/www/MediaFile.js

D/com.appgyver.preview.ESWebViewClient(11582): Handling localhost userFile for /plugins/org.apache.cordova.media-capture/www/MediaFile.js

D/com.appgyver.preview.ESWebViewClient(11582): Handling localhost applicationFile for /plugins/org.apache.cordova.media-capture/www/MediaFile.js

D/com.appgyver.preview.ESWebViewClient(11582): Handling localhost wwwFile for /plugins/org.apache.cordova.media-capture/www/MediaFile.js

D/com.appgyver.preview.ESWebViewClient(11582): Responding to request for: /plugins/org.apache.cordova.media-capture/www/MediaFile.js

D/com.appgyver.preview.ESWebViewClient(11582): shouldInterceptRequest: http://localhost/plugins/org.apache.cordova.media-capture/www/capture.js

D/com.appgyver.preview.ESWebViewClient(11582): Intercepting localhost request for http://localhost/plugins/org.apache.cordova.media-capture/www/capture.js

D/com.appgyver.preview.ESWebViewClient(11582): Handling localhost userFile for /plugins/org.apache.cordova.media-capture/www/capture.js

D/com.appgyver.preview.ESWebViewClient(11582): Handling localhost applicationFile for /plugins/org.apache.cordova.media-capture/www/capture.js

D/com.appgyver.preview.ESWebViewClient(11582): Handling localhost wwwFile for /plugins/org.apache.cordova.media-capture/www/capture.js

D/com.appgyver.preview.ESWebViewClient(11582): Responding to request for: /plugins/org.apache.cordova.media-capture/www/capture.js

D/com.appgyver.preview.ESWebViewClient(11582): shouldInterceptRequest: http://localhost/plugins/org.apache.cordova.device-orientation/www/CompassError.js

D/com.appgyver.preview.ESWebViewClient(11582): Intercepting localhost request for http://localhost/plugins/org.apache.cordova.device-orientation/www/CompassError.js

D/com.appgyver.preview.ESWebViewClient(11582): Handling localhost userFile for /plugins/org.apache.cordova.device-orientation/www/CompassError.js

D/com.appgyver.preview.ESWebViewClient(11582): Handling localhost applicationFile for /plugins/org.apache.cordova.device-orientation/www/CompassError.js

D/com.appgyver.preview.ESWebViewClient(11582): Handling localhost wwwFile for /plugins/org.apache.cordova.device-orientation/www/CompassError.js

D/com.appgyver.preview.ESWebViewClient(11582): Responding to request for: /plugins/org.apache.cordova.device-orientation/www/CompassError.js

D/com.appgyver.preview.ESWebViewClient(11582): shouldInterceptRequest: http://localhost/plugins/org.apache.cordova.device-orientation/www/CompassHeading.js

D/com.appgyver.preview.ESWebViewClient(11582): Intercepting localhost request for http://localhost/plugins/org.apache.cordova.device-orientation/www/CompassHeading.js

D/com.appgyver.preview.ESWebViewClient(11582): Handling localhost userFile for /plugins/org.apache.cordova.device-orientation/www/CompassHeading.js

D/com.appgyver.preview.ESWebViewClient(11582): Handling localhost applicationFile for /plugins/org.apache.cordova.device-orientation/www/CompassHeading.js

D/com.appgyver.preview.ESWebViewClient(11582): Handling localhost wwwFile for /plugins/org.apache.cordova.device-orientation/www/CompassHeading.js

D/com.appgyver.preview.ESWebViewClient(11582): Responding to request for: /plugins/org.apache.cordova.device-orientation/www/CompassHeading.js

D/com.appgyver.preview.ESWebViewClient(11582): shouldInterceptRequest: http://localhost/plugins/org.apache.cordova.device-orientation/www/compass.js

D/com.appgyver.preview.ESWebViewClient(11582): Intercepting localhost request for http://localhost/plugins/org.apache.cordova.device-orientation/www/compass.js

D/com.appgyver.preview.ESWebViewClient(11582): Handling localhost userFile for /plugins/org.apache.cordova.device-orientation/www/compass.js

D/com.appgyver.preview.ESWebViewClient(11582): Handling localhost applicationFile for /plugins/org.apache.cordova.device-orientation/www/compass.js

D/com.appgyver.preview.ESWebViewClient(11582): Handling localhost wwwFile for /plugins/org.apache.cordova.device-orientation/www/compass.js

D/com.appgyver.preview.ESWebViewClient(11582): Responding to request for: /plugins/org.apache.cordova.device-orientation/www/compass.js

D/com.appgyver.preview.ESWebViewClient(11582): shouldInterceptRequest: http://localhost/plugins/org.apache.cordova.network-information/www/network.js

D/com.appgyver.preview.ESWebViewClient(11582): Intercepting localhost request for http://localhost/plugins/org.apache.cordova.network-information/www/network.js

D/com.appgyver.preview.ESWebViewClient(11582): Handling localhost userFile for /plugins/org.apache.cordova.network-information/www/network.js

D/com.appgyver.preview.ESWebViewClient(11582): Handling localhost applicationFile for /plugins/org.apache.cordova.network-information/www/network.js

D/com.appgyver.preview.ESWebViewClient(11582): Handling localhost wwwFile for /plugins/org.apache.cordova.network-information/www/network.js

D/com.appgyver.preview.ESWebViewClient(11582): Responding to request for: /plugins/org.apache.cordova.network-information/www/network.js

D/com.appgyver.preview.ESWebViewClient(11582): shouldInterceptRequest: http://localhost/plugins/org.apache.cordova.network-information/www/Connection.js

D/com.appgyver.preview.ESWebViewClient(11582): Intercepting localhost request for http://localhost/plugins/org.apache.cordova.network-information/www/Connection.js

D/com.appgyver.preview.ESWebViewClient(11582): Handling localhost userFile for /plugins/org.apache.cordova.network-information/www/Connection.js

D/com.appgyver.preview.ESWebViewClient(11582): Handling localhost applicationFile for /plugins/org.apache.cordova.network-information/www/Connection.js

D/com.appgyver.preview.ESWebViewClient(11582): Handling localhost wwwFile for /plugins/org.apache.cordova.network-information/www/Connection.js

D/com.appgyver.preview.ESWebViewClient(11582): Responding to request for: /plugins/org.apache.cordova.network-information/www/Connection.js

D/com.appgyver.preview.ESWebViewClient(11582): shouldInterceptRequest: http://localhost/plugins/org.apache.cordova.contacts/www/contacts.js

D/com.appgyver.preview.ESWebViewClient(11582): Intercepting localhost request for http://localhost/plugins/org.apache.cordova.contacts/www/contacts.js

D/com.appgyver.preview.ESWebViewClient(11582): Handling localhost userFile for /plugins/org.apache.cordova.contacts/www/contacts.js

D/com.appgyver.preview.ESWebViewClient(11582): Handling localhost applicationFile for /plugins/org.apache.cordova.contacts/www/contacts.js

D/com.appgyver.preview.ESWebViewClient(11582): Handling localhost wwwFile for /plugins/org.apache.cordova.contacts/www/contacts.js

D/com.appgyver.preview.ESWebViewClient(11582): Responding to request for: /plugins/org.apache.cordova.contacts/www/contacts.js

D/com.appgyver.preview.ESWebViewClient(11582): shouldInterceptRequest: http://localhost/plugins/org.apache.cordova.contacts/www/Contact.js

D/com.appgyver.preview.ESWebViewClient(11582): Intercepting localhost request for http://localhost/plugins/org.apache.cordova.contacts/www/Contact.js

D/com.appgyver.preview.ESWebViewClient(11582): Handling localhost userFile for /plugins/org.apache.cordova.contacts/www/Contact.js

D/com.appgyver.preview.ESWebViewClient(11582): Handling localhost applicationFile for /plugins/org.apache.cordova.contacts/www/Contact.js

D/com.appgyver.preview.ESWebViewClient(11582): Handling localhost wwwFile for /plugins/org.apache.cordova.contacts/www/Contact.js

D/com.appgyver.preview.ESWebViewClient(11582): Responding to request for: /plugins/org.apache.cordova.contacts/www/Contact.js

D/com.appgyver.preview.ESWebViewClient(11582): shouldInterceptRequest: http://localhost/plugins/org.apache.cordova.contacts/www/ContactAddress.js

D/com.appgyver.preview.ESWebViewClient(11582): Intercepting localhost request for http://localhost/plugins/org.apache.cordova.contacts/www/ContactAddress.js

D/com.appgyver.preview.ESWebViewClient(11582): Handling localhost userFile for /plugins/org.apache.cordova.contacts/www/ContactAddress.js

D/dalvikvm(11582): GC_CONCURRENT freed 1517K, 18% free 22370K/27016K, paused 2ms+6ms, total 32ms

D/dalvikvm(11582): WAIT_FOR_CONCURRENT_GC blocked 19ms

D/dalvikvm(11582): WAIT_FOR_CONCURRENT_GC blocked 12ms

D/dalvikvm(11582): WAIT_FOR_CONCURRENT_GC blocked 16ms

D/com.appgyver.preview.ESWebViewClient(11582): Handling localhost applicationFile for /plugins/org.apache.cordova.contacts/www/ContactAddress.js

D/com.appgyver.preview.ESWebViewClient(11582): Handling localhost wwwFile for /plugins/org.apache.cordova.contacts/www/ContactAddress.js

D/com.appgyver.preview.ESWebViewClient(11582): Responding to request for: /plugins/org.apache.cordova.contacts/www/ContactAddress.js

D/com.appgyver.preview.ESWebViewClient(11582): shouldInterceptRequest: http://localhost/plugins/org.apache.cordova.contacts/www/ContactError.js

D/com.appgyver.preview.ESWebViewClient(11582): Intercepting localhost request for http://localhost/plugins/org.apache.cordova.contacts/www/ContactError.js

D/com.appgyver.preview.ESWebViewClient(11582): Handling localhost userFile for /plugins/org.apache.cordova.contacts/www/ContactError.js

D/com.appgyver.preview.ESWebViewClient(11582): Handling localhost applicationFile for /plugins/org.apache.cordova.contacts/www/ContactError.js

D/com.appgyver.preview.ESWebViewClient(11582): Handling localhost wwwFile for /plugins/org.apache.cordova.contacts/www/ContactError.js

D/com.appgyver.preview.ESWebViewClient(11582): Responding to request for: /plugins/org.apache.cordova.contacts/www/ContactError.js

D/com.appgyver.preview.ESWebViewClient(11582): shouldInterceptRequest: http://localhost/plugins/org.apache.cordova.contacts/www/ContactField.js

