D/com.appgyver.preview.ESWebViewClient(11582): Intercepting localhost request for http://localhost/plugins/org.apache.cordova.contacts/www/ContactField.js

D/com.appgyver.preview.ESWebViewClient(11582): Handling localhost userFile for /plugins/org.apache.cordova.contacts/www/ContactField.js

D/com.appgyver.preview.ESWebViewClient(11582): Handling localhost applicationFile for /plugins/org.apache.cordova.contacts/www/ContactField.js

D/com.appgyver.preview.ESWebViewClient(11582): Handling localhost wwwFile for /plugins/org.apache.cordova.contacts/www/ContactField.js

D/com.appgyver.preview.ESWebViewClient(11582): Responding to request for: /plugins/org.apache.cordova.contacts/www/ContactField.js

D/com.appgyver.preview.ESWebViewClient(11582): shouldInterceptRequest: http://localhost/plugins/org.apache.cordova.contacts/www/ContactFindOptions.js

D/com.appgyver.preview.ESWebViewClient(11582): Intercepting localhost request for http://localhost/plugins/org.apache.cordova.contacts/www/ContactFindOptions.js

D/webviewglue(11582): nativeDestroy view: 0x5ae78d98

D/com.appgyver.preview.ESWebViewClient(11582): Handling localhost userFile for /plugins/org.apache.cordova.contacts/www/ContactFindOptions.js

D/com.appgyver.preview.ESWebViewClient(11582): Handling localhost applicationFile for /plugins/org.apache.cordova.contacts/www/ContactFindOptions.js

D/com.appgyver.preview.ESWebViewClient(11582): Handling localhost wwwFile for /plugins/org.apache.cordova.contacts/www/ContactFindOptions.js

D/com.appgyver.preview.ESWebViewClient(11582): Responding to request for: /plugins/org.apache.cordova.contacts/www/ContactFindOptions.js

D/com.appgyver.preview.ESWebViewClient(11582): shouldInterceptRequest: http://localhost/plugins/org.apache.cordova.contacts/www/ContactName.js

D/com.appgyver.preview.ESWebViewClient(11582): Intercepting localhost request for http://localhost/plugins/org.apache.cordova.contacts/www/ContactName.js

D/com.appgyver.preview.ESWebViewClient(11582): Handling localhost userFile for /plugins/org.apache.cordova.contacts/www/ContactName.js

D/com.appgyver.preview.ESWebViewClient(11582): Handling localhost applicationFile for /plugins/org.apache.cordova.contacts/www/ContactName.js

D/com.appgyver.preview.ESWebViewClient(11582): Handling localhost wwwFile for /plugins/org.apache.cordova.contacts/www/ContactName.js

D/com.appgyver.preview.ESWebViewClient(11582): Responding to request for: /plugins/org.apache.cordova.contacts/www/ContactName.js

D/com.appgyver.preview.ESWebViewClient(11582): shouldInterceptRequest: http://localhost/plugins/org.apache.cordova.contacts/www/ContactOrganization.js

D/com.appgyver.preview.ESWebViewClient(11582): Intercepting localhost request for http://localhost/plugins/org.apache.cordova.contacts/www/ContactOrganization.js

D/com.appgyver.preview.ESWebViewClient(11582): Handling localhost userFile for /plugins/org.apache.cordova.contacts/www/ContactOrganization.js

D/com.appgyver.preview.ESWebViewClient(11582): Handling localhost applicationFile for /plugins/org.apache.cordova.contacts/www/ContactOrganization.js

D/com.appgyver.preview.ESWebViewClient(11582): Handling localhost wwwFile for /plugins/org.apache.cordova.contacts/www/ContactOrganization.js

D/com.appgyver.preview.ESWebViewClient(11582): Responding to request for: /plugins/org.apache.cordova.contacts/www/ContactOrganization.js

D/com.appgyver.preview.ESWebViewClient(11582): shouldInterceptRequest: http://localhost/plugins/org.apache.cordova.device/www/device.js

D/com.appgyver.preview.ESWebViewClient(11582): Intercepting localhost request for http://localhost/plugins/org.apache.cordova.device/www/device.js

D/com.appgyver.preview.ESWebViewClient(11582): Handling localhost userFile for /plugins/org.apache.cordova.device/www/device.js

D/com.appgyver.preview.ESWebViewClient(11582): Handling localhost applicationFile for /plugins/org.apache.cordova.device/www/device.js

D/com.appgyver.preview.ESWebViewClient(11582): Handling localhost wwwFile for /plugins/org.apache.cordova.device/www/device.js

D/com.appgyver.preview.ESWebViewClient(11582): Responding to request for: /plugins/org.apache.cordova.device/www/device.js

D/com.appgyver.preview.ESWebViewClient(11582): shouldInterceptRequest: http://localhost/plugins/org.apache.cordova.battery-status/www/battery.js

D/com.appgyver.preview.ESWebViewClient(11582): Intercepting localhost request for http://localhost/plugins/org.apache.cordova.battery-status/www/battery.js

D/com.appgyver.preview.ESWebViewClient(11582): Handling localhost userFile for /plugins/org.apache.cordova.battery-status/www/battery.js

D/com.appgyver.preview.ESWebViewClient(11582): Handling localhost applicationFile for /plugins/org.apache.cordova.battery-status/www/battery.js

D/com.appgyver.preview.ESWebViewClient(11582): Handling localhost wwwFile for /plugins/org.apache.cordova.battery-status/www/battery.js

D/com.appgyver.preview.ESWebViewClient(11582): Responding to request for: /plugins/org.apache.cordova.battery-status/www/battery.js

D/com.appgyver.preview.ESWebViewClient(11582): shouldInterceptRequest: http://localhost/plugins/org.apache.cordova.geolocation/www/Coordinates.js

D/com.appgyver.preview.ESWebViewClient(11582): Intercepting localhost request for http://localhost/plugins/org.apache.cordova.geolocation/www/Coordinates.js

D/com.appgyver.preview.ESWebViewClient(11582): Handling localhost userFile for /plugins/org.apache.cordova.geolocation/www/Coordinates.js

D/com.appgyver.preview.ESWebViewClient(11582): Handling localhost applicationFile for /plugins/org.apache.cordova.geolocation/www/Coordinates.js

D/com.appgyver.preview.ESWebViewClient(11582): Handling localhost wwwFile for /plugins/org.apache.cordova.geolocation/www/Coordinates.js

D/com.appgyver.preview.ESWebViewClient(11582): Responding to request for: /plugins/org.apache.cordova.geolocation/www/Coordinates.js

D/com.appgyver.preview.ESWebViewClient(11582): shouldInterceptRequest: http://localhost/plugins/org.apache.cordova.geolocation/www/PositionError.js

D/com.appgyver.preview.ESWebViewClient(11582): Intercepting localhost request for http://localhost/plugins/org.apache.cordova.geolocation/www/PositionError.js

D/com.appgyver.preview.ESWebViewClient(11582): Handling localhost userFile for /plugins/org.apache.cordova.geolocation/www/PositionError.js

D/com.appgyver.preview.ESWebViewClient(11582): Handling localhost applicationFile for /plugins/org.apache.cordova.geolocation/www/PositionError.js

D/com.appgyver.preview.ESWebViewClient(11582): Handling localhost wwwFile for /plugins/org.apache.cordova.geolocation/www/PositionError.js

D/com.appgyver.preview.ESWebViewClient(11582): Responding to request for: /plugins/org.apache.cordova.geolocation/www/PositionError.js

D/com.appgyver.preview.ESWebViewClient(11582): shouldInterceptRequest: http://localhost/plugins/org.apache.cordova.geolocation/www/Position.js

D/com.appgyver.preview.ESWebViewClient(11582): Intercepting localhost request for http://localhost/plugins/org.apache.cordova.geolocation/www/Position.js

D/com.appgyver.preview.ESWebViewClient(11582): Handling localhost userFile for /plugins/org.apache.cordova.geolocation/www/Position.js

D/com.appgyver.preview.ESWebViewClient(11582): Handling localhost applicationFile for /plugins/org.apache.cordova.geolocation/www/Position.js

D/com.appgyver.preview.ESWebViewClient(11582): Handling localhost wwwFile for /plugins/org.apache.cordova.geolocation/www/Position.js

D/com.appgyver.preview.ESWebViewClient(11582): Responding to request for: /plugins/org.apache.cordova.geolocation/www/Position.js

D/com.appgyver.preview.ESWebViewClient(11582): shouldInterceptRequest: http://localhost/plugins/org.apache.cordova.geolocation/www/geolocation.js

D/com.appgyver.preview.ESWebViewClient(11582): Intercepting localhost request for http://localhost/plugins/org.apache.cordova.geolocation/www/geolocation.js

D/com.appgyver.preview.ESWebViewClient(11582): Handling localhost userFile for /plugins/org.apache.cordova.geolocation/www/geolocation.js

D/com.appgyver.preview.ESWebViewClient(11582): Handling localhost applicationFile for /plugins/org.apache.cordova.geolocation/www/geolocation.js

D/com.appgyver.preview.ESWebViewClient(11582): Handling localhost wwwFile for /plugins/org.apache.cordova.geolocation/www/geolocation.js

D/com.appgyver.preview.ESWebViewClient(11582): Responding to request for: /plugins/org.apache.cordova.geolocation/www/geolocation.js

D/com.appgyver.preview.ESWebViewClient(11582): shouldInterceptRequest: http://localhost/plugins/org.apache.cordova.globalization/www/GlobalizationError.js

D/com.appgyver.preview.ESWebViewClient(11582): Intercepting localhost request for http://localhost/plugins/org.apache.cordova.globalization/www/GlobalizationError.js

D/com.appgyver.preview.ESWebViewClient(11582): Handling localhost userFile for /plugins/org.apache.cordova.globalization/www/GlobalizationError.js

D/com.appgyver.preview.ESWebViewClient(11582): Handling localhost applicationFile for /plugins/org.apache.cordova.globalization/www/GlobalizationError.js

D/com.appgyver.preview.ESWebViewClient(11582): Handling localhost wwwFile for /plugins/org.apache.cordova.globalization/www/GlobalizationError.js

D/com.appgyver.preview.ESWebViewClient(11582): Responding to request for: /plugins/org.apache.cordova.globalization/www/GlobalizationError.js

D/com.appgyver.preview.ESWebViewClient(11582): shouldInterceptRequest: http://localhost/plugins/org.apache.cordova.globalization/www/globalization.js

D/com.appgyver.preview.ESWebViewClient(11582): Intercepting localhost request for http://localhost/plugins/org.apache.cordova.globalization/www/globalization.js

D/com.appgyver.preview.ESWebViewClient(11582): Handling localhost userFile for /plugins/org.apache.cordova.globalization/www/globalization.js

D/com.appgyver.preview.ESWebViewClient(11582): Handling localhost applicationFile for /plugins/org.apache.cordova.globalization/www/globalization.js

D/com.appgyver.preview.ESWebViewClient(11582): Handling localhost wwwFile for /plugins/org.apache.cordova.globalization/www/globalization.js

D/com.appgyver.preview.ESWebViewClient(11582): Responding to request for: /plugins/org.apache.cordova.globalization/www/globalization.js

D/com.appgyver.preview.ESWebViewClient(11582): shouldInterceptRequest: http://localhost/plugins/org.apache.cordova.media/www/MediaError.js

D/com.appgyver.preview.ESWebViewClient(11582): Intercepting localhost request for http://localhost/plugins/org.apache.cordova.media/www/MediaError.js

D/com.appgyver.preview.ESWebViewClient(11582): Handling localhost userFile for /plugins/org.apache.cordova.media/www/MediaError.js

D/com.appgyver.preview.ESWebViewClient(11582): Handling localhost applicationFile for /plugins/org.apache.cordova.media/www/MediaError.js

D/com.appgyver.preview.ESWebViewClient(11582): Handling localhost wwwFile for /plugins/org.apache.cordova.media/www/MediaError.js

D/com.appgyver.preview.ESWebViewClient(11582): Responding to request for: /plugins/org.apache.cordova.media/www/MediaError.js

D/com.appgyver.preview.ESWebViewClient(11582): shouldInterceptRequest: http://localhost/plugins/org.apache.cordova.media/www/Media.js

D/com.appgyver.preview.ESWebViewClient(11582): Intercepting localhost request for http://localhost/plugins/org.apache.cordova.media/www/Media.js

D/com.appgyver.preview.ESWebViewClient(11582): Handling localhost userFile for /plugins/org.apache.cordova.media/www/Media.js

D/com.appgyver.preview.ESWebViewClient(11582): Handling localhost applicationFile for /plugins/org.apache.cordova.media/www/Media.js

D/com.appgyver.preview.ESWebViewClient(11582): Handling localhost wwwFile for /plugins/org.apache.cordova.media/www/Media.js

D/com.appgyver.preview.ESWebViewClient(11582): Responding to request for: /plugins/org.apache.cordova.media/www/Media.js

D/com.appgyver.preview.ESWebViewClient(11582): shouldInterceptRequest: http://localhost/plugins/org.apache.cordova.dialogs/www/notification.js

D/com.appgyver.preview.ESWebViewClient(11582): Intercepting localhost request for http://localhost/plugins/org.apache.cordova.dialogs/www/notification.js

D/com.appgyver.preview.ESWebViewClient(11582): Handling localhost userFile for /plugins/org.apache.cordova.dialogs/www/notification.js

D/com.appgyver.preview.ESWebViewClient(11582): Handling localhost applicationFile for /plugins/org.apache.cordova.dialogs/www/notification.js

D/com.appgyver.preview.ESWebViewClient(11582): Handling localhost wwwFile for /plugins/org.apache.cordova.dialogs/www/notification.js

D/com.appgyver.preview.ESWebViewClient(11582): Responding to request for: /plugins/org.apache.cordova.dialogs/www/notification.js

D/com.appgyver.preview.ESWebViewClient(11582): shouldInterceptRequest: http://localhost/plugins/org.apache.cordova.dialogs/www/android/notification.js

D/com.appgyver.preview.ESWebViewClient(11582): Intercepting localhost request for http://localhost/plugins/org.apache.cordova.dialogs/www/android/notification.js

D/com.appgyver.preview.ESWebViewClient(11582): Handling localhost userFile for /plugins/org.apache.cordova.dialogs/www/android/notification.js

D/com.appgyver.preview.ESWebViewClient(11582): Handling localhost applicationFile for /plugins/org.apache.cordova.dialogs/www/android/notification.js

D/com.appgyver.preview.ESWebViewClient(11582): Handling localhost wwwFile for /plugins/org.apache.cordova.dialogs/www/android/notification.js

D/com.appgyver.preview.ESWebViewClient(11582): Responding to request for: /plugins/org.apache.cordova.dialogs/www/android/notification.js

D/com.appgyver.preview.ESWebViewClient(11582): shouldInterceptRequest: http://localhost/plugins/org.apache.cordova.vibration/www/vibration.js

D/com.appgyver.preview.ESWebViewClient(11582): Intercepting localhost request for http://localhost/plugins/org.apache.cordova.vibration/www/vibration.js

D/com.appgyver.preview.ESWebViewClient(11582): Handling localhost userFile for /plugins/org.apache.cordova.vibration/www/vibration.js

D/com.appgyver.preview.ESWebViewClient(11582): Handling localhost applicationFile for /plugins/org.apache.cordova.vibration/www/vibration.js

D/com.appgyver.preview.ESWebViewClient(11582): Handling localhost wwwFile for /plugins/org.apache.cordova.vibration/www/vibration.js

D/com.appgyver.preview.ESWebViewClient(11582): Responding to request for: /plugins/org.apache.cordova.vibration/www/vibration.js

D/com.appgyver.preview.ESWebViewClient(11582): shouldInterceptRequest: http://localhost/plugins/org.apache.cordova.camera/www/CameraConstants.js

D/com.appgyver.preview.ESWebViewClient(11582): Intercepting localhost request for http://localhost/plugins/org.apache.cordova.camera/www/CameraConstants.js

D/com.appgyver.preview.ESWebViewClient(11582): Handling localhost userFile for /plugins/org.apache.cordova.camera/www/CameraConstants.js

D/com.appgyver.preview.ESWebViewClient(11582): Handling localhost applicationFile for /plugins/org.apache.cordova.camera/www/CameraConstants.js

D/com.appgyver.preview.ESWebViewClient(11582): Handling localhost wwwFile for /plugins/org.apache.cordova.camera/www/CameraConstants.js

D/com.appgyver.preview.ESWebViewClient(11582): Responding to request for: /plugins/org.apache.cordova.camera/www/CameraConstants.js

D/com.appgyver.preview.ESWebViewClient(11582): shouldInterceptRequest: http://localhost/plugins/org.apache.cordova.camera/www/CameraPopoverOptions.js

D/com.appgyver.preview.ESWebViewClient(11582): Intercepting localhost request for http://localhost/plugins/org.apache.cordova.camera/www/CameraPopoverOptions.js

D/com.appgyver.preview.ESWebViewClient(11582): Handling localhost userFile for /plugins/org.apache.cordova.camera/www/CameraPopoverOptions.js

D/com.appgyver.preview.ESWebViewClient(11582): Handling localhost applicationFile for /plugins/org.apache.cordova.camera/www/CameraPopoverOptions.js

D/com.appgyver.preview.ESWebViewClient(11582): Handling localhost wwwFile for /plugins/org.apache.cordova.camera/www/CameraPopoverOptions.js

D/com.appgyver.preview.ESWebViewClient(11582): Responding to request for: /plugins/org.apache.cordova.camera/www/CameraPopoverOptions.js

D/com.appgyver.preview.ESWebViewClient(11582): shouldInterceptRequest: http://localhost/plugins/org.apache.cordova.camera/www/Camera.js

D/com.appgyver.preview.ESWebViewClient(11582): Intercepting localhost request for http://localhost/plugins/org.apache.cordova.camera/www/Camera.js

D/com.appgyver.preview.ESWebViewClient(11582): Handling localhost userFile for /plugins/org.apache.cordova.camera/www/Camera.js

D/com.appgyver.preview.ESWebViewClient(11582): Handling localhost applicationFile for /plugins/org.apache.cordova.camera/www/Camera.js

D/com.appgyver.preview.ESWebViewClient(11582): Handling localhost wwwFile for /plugins/org.apache.cordova.camera/www/Camera.js

D/com.appgyver.preview.ESWebViewClient(11582): Responding to request for: /plugins/org.apache.cordova.camera/www/Camera.js

D/com.appgyver.preview.ESWebViewClient(11582): shouldInterceptRequest: http://localhost/plugins/org.apache.cordova.camera/www/CameraPopoverHandle.js

D/com.appgyver.preview.ESWebViewClient(11582): Intercepting localhost request for http://localhost/plugins/org.apache.cordova.camera/www/CameraPopoverHandle.js

D/com.appgyver.preview.ESWebViewClient(11582): Handling localhost userFile for /plugins/org.apache.cordova.camera/www/CameraPopoverHandle.js

D/com.appgyver.preview.ESWebViewClient(11582): Handling localhost applicationFile for /plugins/org.apache.cordova.camera/www/CameraPopoverHandle.js

D/com.appgyver.preview.ESWebViewClient(11582): Handling localhost wwwFile for /plugins/org.apache.cordova.camera/www/CameraPopoverHandle.js

D/com.appgyver.preview.ESWebViewClient(11582): Responding to request for: /plugins/org.apache.cordova.camera/www/CameraPopoverHandle.js

D/com.appgyver.preview.ESWebViewClient(11582): shouldInterceptRequest: http://localhost/plugins/org.apache.cordova.inappbrowser/www/InAppBrowser.js

D/com.appgyver.preview.ESWebViewClient(11582): Intercepting localhost request for http://localhost/plugins/org.apache.cordova.inappbrowser/www/InAppBrowser.js

D/com.appgyver.preview.ESWebViewClient(11582): Handling localhost userFile for /plugins/org.apache.cordova.inappbrowser/www/InAppBrowser.js

D/com.appgyver.preview.ESWebViewClient(11582): Handling localhost applicationFile for /plugins/org.apache.cordova.inappbrowser/www/InAppBrowser.js

D/com.appgyver.preview.ESWebViewClient(11582): Handling localhost wwwFile for /plugins/org.apache.cordova.inappbrowser/www/InAppBrowser.js

D/com.appgyver.preview.ESWebViewClient(11582): Responding to request for: /plugins/org.apache.cordova.inappbrowser/www/InAppBrowser.js

D/com.appgyver.preview.ESWebViewClient(11582): shouldInterceptRequest: http://localhost/plugins/com.phonegap.plugins.sqlite/www/SQLitePlugin.js

D/com.appgyver.preview.ESWebViewClient(11582): Intercepting localhost request for http://localhost/plugins/com.phonegap.plugins.sqlite/www/SQLitePlugin.js

D/com.appgyver.preview.ESWebViewClient(11582): Handling localhost userFile for /plugins/com.phonegap.plugins.sqlite/www/SQLitePlugin.js

D/com.appgyver.preview.ESWebViewClient(11582): Handling localhost applicationFile for /plugins/com.phonegap.plugins.sqlite/www/SQLitePlugin.js

D/com.appgyver.preview.ESWebViewClient(11582): Handling localhost wwwFile for /plugins/com.phonegap.plugins.sqlite/www/SQLitePlugin.js

D/com.appgyver.preview.ESWebViewClient(11582): Responding to request for: /plugins/com.phonegap.plugins.sqlite/www/SQLitePlugin.js

D/com.appgyver.preview.ESWebViewClient(11582): shouldInterceptRequest: http://localhost/plugins/com.adobe.plugins.GAPlugin/www/GAPlugin.js

D/com.appgyver.preview.ESWebViewClient(11582): Intercepting localhost request for http://localhost/plugins/com.adobe.plugins.GAPlugin/www/GAPlugin.js

D/com.appgyver.preview.ESWebViewClient(11582): Handling localhost userFile for /plugins/com.adobe.plugins.GAPlugin/www/GAPlugin.js

D/com.appgyver.preview.ESWebViewClient(11582): Handling localhost applicationFile for /plugins/com.adobe.plugins.GAPlugin/www/GAPlugin.js

D/com.appgyver.preview.ESWebViewClient(11582): Handling localhost wwwFile for /plugins/com.adobe.plugins.GAPlugin/www/GAPlugin.js

D/com.appgyver.preview.ESWebViewClient(11582): Responding to request for: /plugins/com.adobe.plugins.GAPlugin/www/GAPlugin.js

D/com.appgyver.preview.ESWebViewClient(11582): shouldInterceptRequest: http://localhost/plugins/com.phonegap.plugins.barcodescanner/www/barcodescanner.js

D/com.appgyver.preview.ESWebViewClient(11582): Intercepting localhost request for http://localhost/plugins/com.phonegap.plugins.barcodescanner/www/barcodescanner.js

D/com.appgyver.preview.ESWebViewClient(11582): Handling localhost userFile for /plugins/com.phonegap.plugins.barcodescanner/www/barcodescanner.js

D/com.appgyver.preview.ESWebViewClient(11582): Handling localhost applicationFile for /plugins/com.phonegap.plugins.barcodescanner/www/barcodescanner.js

D/com.appgyver.preview.ESWebViewClient(11582): Handling localhost wwwFile for /plugins/com.phonegap.plugins.barcodescanner/www/barcodescanner.js

D/com.appgyver.preview.ESWebViewClient(11582): Responding to request for: /plugins/com.phonegap.plugins.barcodescanner/www/barcodescanner.js

D/com.appgyver.preview.ESWebViewClient(11582): shouldInterceptRequest: http://localhost/plugins/org.apache.cordova.file-transfer/www/FileTransferError.js

D/com.appgyver.preview.ESWebViewClient(11582): Intercepting localhost request for http://localhost/plugins/org.apache.cordova.file-transfer/www/FileTransferError.js

D/com.appgyver.preview.ESWebViewClient(11582): Handling localhost userFile for /plugins/org.apache.cordova.file-transfer/www/FileTransferError.js

D/com.appgyver.preview.ESWebViewClient(11582): Handling localhost applicationFile for /plugins/org.apache.cordova.file-transfer/www/FileTransferError.js

D/com.appgyver.preview.ESWebViewClient(11582): Handling localhost wwwFile for /plugins/org.apache.cordova.file-transfer/www/FileTransferError.js

D/com.appgyver.preview.ESWebViewClient(11582): Responding to request for: /plugins/org.apache.cordova.file-transfer/www/FileTransferError.js

D/com.appgyver.preview.ESWebViewClient(11582): shouldInterceptRequest: http://localhost/plugins/org.apache.cordova.file-transfer/www/FileTransfer.js

D/com.appgyver.preview.ESWebViewClient(11582): Intercepting localhost request for http://localhost/plugins/org.apache.cordova.file-transfer/www/FileTransfer.js

D/com.appgyver.preview.ESWebViewClient(11582): Handling localhost userFile for /plugins/org.apache.cordova.file-transfer/www/FileTransfer.js

D/com.appgyver.preview.ESWebViewClient(11582): Handling localhost applicationFile for /plugins/org.apache.cordova.file-transfer/www/FileTransfer.js

D/com.appgyver.preview.ESWebViewClient(11582): Handling localhost wwwFile for /plugins/org.apache.cordova.file-transfer/www/FileTransfer.js

D/com.appgyver.preview.ESWebViewClient(11582): Responding to request for: /plugins/org.apache.cordova.file-transfer/www/FileTransfer.js

D/com.appgyver.preview.ESWebViewClient(11582): shouldInterceptRequest: http://localhost/plugins/org.apache.cordova.file/www/DirectoryEntry.js

D/com.appgyver.preview.ESWebViewClient(11582): Intercepting localhost request for http://localhost/plugins/org.apache.cordova.file/www/DirectoryEntry.js

D/com.appgyver.preview.ESWebViewClient(11582): Handling localhost userFile for /plugins/org.apache.cordova.file/www/DirectoryEntry.js

D/com.appgyver.preview.ESWebViewClient(11582): Handling localhost applicationFile for /plugins/org.apache.cordova.file/www/DirectoryEntry.js

D/com.appgyver.preview.ESWebViewClient(11582): Handling localhost wwwFile for /plugins/org.apache.cordova.file/www/DirectoryEntry.js

D/com.appgyver.preview.ESWebViewClient(11582): Responding to request for: /plugins/org.apache.cordova.file/www/DirectoryEntry.js

D/com.appgyver.preview.ESWebViewClient(11582): shouldInterceptRequest: http://localhost/plugins/org.apache.cordova.file/www/DirectoryReader.js

D/com.appgyver.preview.ESWebViewClient(11582): Intercepting localhost request for http://localhost/plugins/org.apache.cordova.file/www/DirectoryReader.js

D/com.appgyver.preview.ESWebViewClient(11582): Handling localhost userFile for /plugins/org.apache.cordova.file/www/DirectoryReader.js

D/com.appgyver.preview.ESWebViewClient(11582): Handling localhost applicationFile for /plugins/org.apache.cordova.file/www/DirectoryReader.js

D/com.appgyver.preview.ESWebViewClient(11582): Handling localhost wwwFile for /plugins/org.apache.cordova.file/www/DirectoryReader.js

D/com.appgyver.preview.ESWebViewClient(11582): Responding to request for: /plugins/org.apache.cordova.file/www/DirectoryReader.js

D/com.appgyver.preview.ESWebViewClient(11582): shouldInterceptRequest: http://localhost/plugins/org.apache.cordova.file/www/Entry.js

D/com.appgyver.preview.ESWebViewClient(11582): Intercepting localhost request for http://localhost/plugins/org.apache.cordova.file/www/Entry.js

D/com.appgyver.preview.ESWebViewClient(11582): Handling localhost userFile for /plugins/org.apache.cordova.file/www/Entry.js

D/com.appgyver.preview.ESWebViewClient(11582): Handling localhost applicationFile for /plugins/org.apache.cordova.file/www/Entry.js

D/com.appgyver.preview.ESWebViewClient(11582): Handling localhost wwwFile for /plugins/org.apache.cordova.file/www/Entry.js

D/com.appgyver.preview.ESWebViewClient(11582): Responding to request for: /plugins/org.apache.cordova.file/www/Entry.js

D/com.appgyver.preview.ESWebViewClient(11582): shouldInterceptRequest: http://localhost/plugins/org.apache.cordova.file/www/File.js

D/com.appgyver.preview.ESWebViewClient(11582): Intercepting localhost request for http://localhost/plugins/org.apache.cordova.file/www/File.js

D/com.appgyver.preview.ESWebViewClient(11582): Handling localhost userFile for /plugins/org.apache.cordova.file/www/File.js

D/com.appgyver.preview.ESWebViewClient(11582): Handling localhost applicationFile for /plugins/org.apache.cordova.file/www/File.js

D/com.appgyver.preview.ESWebViewClient(11582): Handling localhost wwwFile for /plugins/org.apache.cordova.file/www/File.js

D/com.appgyver.preview.ESWebViewClient(11582): Responding to request for: /plugins/org.apache.cordova.file/www/File.js

D/com.appgyver.preview.ESWebViewClient(11582): shouldInterceptRequest: http://localhost/plugins/org.apache.cordova.file/www/FileEntry.js

D/com.appgyver.preview.ESWebViewClient(11582): Intercepting localhost request for http://localhost/plugins/org.apache.cordova.file/www/FileEntry.js

D/com.appgyver.preview.ESWebViewClient(11582): Handling localhost userFile for /plugins/org.apache.cordova.file/www/FileEntry.js

D/com.appgyver.preview.ESWebViewClient(11582): Handling localhost applicationFile for /plugins/org.apache.cordova.file/www/FileEntry.js

D/com.appgyver.preview.ESWebViewClient(11582): Handling localhost wwwFile for /plugins/org.apache.cordova.file/www/FileEntry.js

D/com.appgyver.preview.ESWebViewClient(11582): Responding to request for: /plugins/org.apache.cordova.file/www/FileEntry.js

D/com.appgyver.preview.ESWebViewClient(11582): shouldInterceptRequest: http://localhost/plugins/org.apache.cordova.file/www/FileError.js

D/com.appgyver.preview.ESWebViewClient(11582): Intercepting localhost request for http://localhost/plugins/org.apache.cordova.file/www/FileError.js

D/com.appgyver.preview.ESWebViewClient(11582): Handling localhost userFile for /plugins/org.apache.cordova.file/www/FileError.js

D/com.appgyver.preview.ESWebViewClient(11582): Handling localhost applicationFile for /plugins/org.apache.cordova.file/www/FileError.js

D/com.appgyver.preview.ESWebViewClient(11582): Handling localhost wwwFile for /plugins/org.apache.cordova.file/www/FileError.js

D/com.appgyver.preview.ESWebViewClient(11582): Responding to request for: /plugins/org.apache.cordova.file/www/FileError.js

D/com.appgyver.preview.ESWebViewClient(11582): shouldInterceptRequest: http://localhost/plugins/org.apache.cordova.file/www/FileReader.js

D/com.appgyver.preview.ESWebViewClient(11582): Intercepting localhost request for http://localhost/plugins/org.apache.cordova.file/www/FileReader.js

D/com.appgyver.preview.ESWebViewClient(11582): Handling localhost userFile for /plugins/org.apache.cordova.file/www/FileReader.js

D/com.appgyver.preview.ESWebViewClient(11582): Handling localhost applicationFile for /plugins/org.apache.cordova.file/www/FileReader.js

D/com.appgyver.preview.ESWebViewClient(11582): Handling localhost wwwFile for /plugins/org.apache.cordova.file/www/FileReader.js

D/com.appgyver.preview.ESWebViewClient(11582): Responding to request for: /plugins/org.apache.cordova.file/www/FileReader.js

D/com.appgyver.preview.ESWebViewClient(11582): shouldInterceptRequest: http://localhost/plugins/org.apache.cordova.file/www/FileSystem.js

D/com.appgyver.preview.ESWebViewClient(11582): Intercepting localhost request for http://localhost/plugins/org.apache.cordova.file/www/FileSystem.js

D/com.appgyver.preview.ESWebViewClient(11582): Handling localhost userFile for /plugins/org.apache.cordova.file/www/FileSystem.js

D/com.appgyver.preview.ESWebViewClient(11582): Handling localhost applicationFile for /plugins/org.apache.cordova.file/www/FileSystem.js

D/com.appgyver.preview.ESWebViewClient(11582): Handling localhost wwwFile for /plugins/org.apache.cordova.file/www/FileSystem.js

D/com.appgyver.preview.ESWebViewClient(11582): Responding to request for: /plugins/org.apache.cordova.file/www/FileSystem.js

D/com.appgyver.preview.ESWebViewClient(11582): shouldInterceptRequest: http://localhost/plugins/org.apache.cordova.file/www/FileUploadOptions.js

D/com.appgyver.preview.ESWebViewClient(11582): Intercepting localhost request for http://localhost/plugins/org.apache.cordova.file/www/FileUploadOptions.js

D/com.appgyver.preview.ESWebViewClient(11582): Handling localhost userFile for /plugins/org.apache.cordova.file/www/FileUploadOptions.js

D/com.appgyver.preview.ESWebViewClient(11582): Handling localhost applicationFile for /plugins/org.apache.cordova.file/www/FileUploadOptions.js

D/com.appgyver.preview.ESWebViewClient(11582): Handling localhost wwwFile for /plugins/org.apache.cordova.file/www/FileUploadOptions.js

D/com.appgyver.preview.ESWebViewClient(11582): Responding to request for: /plugins/org.apache.cordova.file/www/FileUploadOptions.js

D/com.appgyver.preview.ESWebViewClient(11582): shouldInterceptRequest: http://localhost/plugins/org.apache.cordova.file/www/FileUploadResult.js

D/com.appgyver.preview.ESWebViewClient(11582): Intercepting localhost request for http://localhost/plugins/org.apache.cordova.file/www/FileUploadResult.js

D/com.appgyver.preview.ESWebViewClient(11582): Handling localhost userFile for /plugins/org.apache.cordova.file/www/FileUploadResult.js

D/com.appgyver.preview.ESWebViewClient(11582): Handling localhost applicationFile for /plugins/org.apache.cordova.file/www/FileUploadResult.js

D/com.appgyver.preview.ESWebViewClient(11582): Handling localhost wwwFile for /plugins/org.apache.cordova.file/www/FileUploadResult.js

D/com.appgyver.preview.ESWebViewClient(11582): Responding to request for: /plugins/org.apache.cordova.file/www/FileUploadResult.js

D/com.appgyver.preview.ESWebViewClient(11582): shouldInterceptRequest: http://localhost/plugins/org.apache.cordova.file/www/FileWriter.js

D/com.appgyver.preview.ESWebViewClient(11582): Intercepting localhost request for http://localhost/plugins/org.apache.cordova.file/www/FileWriter.js

D/com.appgyver.preview.ESWebViewClient(11582): Handling localhost userFile for /plugins/org.apache.cordova.file/www/FileWriter.js

D/com.appgyver.preview.ESWebViewClient(11582): Handling localhost applicationFile for /plugins/org.apache.cordova.file/www/FileWriter.js

D/com.appgyver.preview.ESWebViewClient(11582): Handling localhost wwwFile for /plugins/org.apache.cordova.file/www/FileWriter.js

D/com.appgyver.preview.ESWebViewClient(11582): Responding to request for: /plugins/org.apache.cordova.file/www/FileWriter.js

D/com.appgyver.preview.ESWebViewClient(11582): shouldInterceptRequest: http://localhost/plugins/org.apache.cordova.file/www/Flags.js

D/com.appgyver.preview.ESWebViewClient(11582): Intercepting localhost request for http://localhost/plugins/org.apache.cordova.file/www/Flags.js

D/com.appgyver.preview.ESWebViewClient(11582): Handling localhost userFile for /plugins/org.apache.cordova.file/www/Flags.js

D/com.appgyver.preview.ESWebViewClient(11582): Handling localhost applicationFile for /plugins/org.apache.cordova.file/www/Flags.js

D/com.appgyver.preview.ESWebViewClient(11582): Handling localhost wwwFile for /plugins/org.apache.cordova.file/www/Flags.js

D/com.appgyver.preview.ESWebViewClient(11582): Responding to request for: /plugins/org.apache.cordova.file/www/Flags.js

D/com.appgyver.preview.ESWebViewClient(11582): shouldInterceptRequest: http://localhost/plugins/org.apache.cordova.file/www/LocalFileSystem.js

D/com.appgyver.preview.ESWebViewClient(11582): Intercepting localhost request for http://localhost/plugins/org.apache.cordova.file/www/LocalFileSystem.js

D/com.appgyver.preview.ESWebViewClient(11582): Handling localhost userFile for /plugins/org.apache.cordova.file/www/LocalFileSystem.js

D/com.appgyver.preview.ESWebViewClient(11582): Handling localhost applicationFile for /plugins/org.apache.cordova.file/www/LocalFileSystem.js

D/com.appgyver.preview.ESWebViewClient(11582): Handling localhost wwwFile for /plugins/org.apache.cordova.file/www/LocalFileSystem.js

D/com.appgyver.preview.ESWebViewClient(11582): Responding to request for: /plugins/org.apache.cordova.file/www/LocalFileSystem.js

D/com.appgyver.preview.ESWebViewClient(11582): shouldInterceptRequest: http://localhost/plugins/org.apache.cordova.file/www/Metadata.js

D/com.appgyver.preview.ESWebViewClient(11582): Intercepting localhost request for http://localhost/plugins/org.apache.cordova.file/www/Metadata.js

D/com.appgyver.preview.ESWebViewClient(11582): Handling localhost userFile for /plugins/org.apache.cordova.file/www/Metadata.js

D/com.appgyver.preview.ESWebViewClient(11582): Handling localhost applicationFile for /plugins/org.apache.cordova.file/www/Metadata.js

D/com.appgyver.preview.ESWebViewClient(11582): Handling localhost wwwFile for /plugins/org.apache.cordova.file/www/Metadata.js

D/com.appgyver.preview.ESWebViewClient(11582): Responding to request for: /plugins/org.apache.cordova.file/www/Metadata.js

D/com.appgyver.preview.ESWebViewClient(11582): shouldInterceptRequest: http://localhost/plugins/org.apache.cordova.file/www/ProgressEvent.js

D/com.appgyver.preview.ESWebViewClient(11582): Intercepting localhost request for http://localhost/plugins/org.apache.cordova.file/www/ProgressEvent.js

D/com.appgyver.preview.ESWebViewClient(11582): Handling localhost userFile for /plugins/org.apache.cordova.file/www/ProgressEvent.js

D/com.appgyver.preview.ESWebViewClient(11582): Handling localhost applicationFile for /plugins/org.apache.cordova.file/www/ProgressEvent.js

D/dalvikvm(11582): GC_CONCURRENT freed 692K, 13% free 23726K/27016K, paused 4ms+3ms, total 30ms

D/dalvikvm(11582): WAIT_FOR_CONCURRENT_GC blocked 15ms

D/dalvikvm(11582): WAIT_FOR_CONCURRENT_GC blocked 20ms

D/dalvikvm(11582): WAIT_FOR_CONCURRENT_GC blocked 17ms

D/com.appgyver.preview.ESWebViewClient(11582): Handling localhost wwwFile for /plugins/org.apache.cordova.file/www/ProgressEvent.js

D/com.appgyver.preview.ESWebViewClient(11582): Responding to request for: /plugins/org.apache.cordova.file/www/ProgressEvent.js

D/com.appgyver.preview.ESWebViewClient(11582): shouldInterceptRequest: http://localhost/plugins/org.apache.cordova.file/www/requestFileSystem.js

D/com.appgyver.preview.ESWebViewClient(11582): Intercepting localhost request for http://localhost/plugins/org.apache.cordova.file/www/requestFileSystem.js

D/com.appgyver.preview.ESWebViewClient(11582): Handling localhost userFile for /plugins/org.apache.cordova.file/www/requestFileSystem.js

D/com.appgyver.preview.ESWebViewClient(11582): Handling localhost applicationFile for /plugins/org.apache.cordova.file/www/requestFileSystem.js

D/com.appgyver.preview.ESWebViewClient(11582): Handling localhost wwwFile for /plugins/org.apache.cordova.file/www/requestFileSystem.js

D/com.appgyver.preview.ESWebViewClient(11582): Responding to request for: /plugins/org.apache.cordova.file/www/requestFileSystem.js

D/com.appgyver.preview.ESWebViewClient(11582): shouldInterceptRequest: http://localhost/plugins/org.apache.cordova.file/www/resolveLocalFileSystemURI.js

D/com.appgyver.preview.ESWebViewClient(11582): Intercepting localhost request for http://localhost/plugins/org.apache.cordova.file/www/resolveLocalFileSystemURI.js

D/com.appgyver.preview.ESWebViewClient(11582): Handling localhost userFile for /plugins/org.apache.cordova.file/www/resolveLocalFileSystemURI.js

D/com.appgyver.preview.ESWebViewClient(11582): Handling localhost applicationFile for /plugins/org.apache.cordova.file/www/resolveLocalFileSystemURI.js

D/com.appgyver.preview.ESWebViewClient(11582): Handling localhost wwwFile for /plugins/org.apache.cordova.file/www/resolveLocalFileSystemURI.js

D/com.appgyver.preview.ESWebViewClient(11582): Responding to request for: /plugins/org.apache.cordova.file/www/resolveLocalFileSystemURI.js

D/webcore (11582):  CORE loadUrl: called

D/webkit  (11582): Firewall not null

D/webkit  (11582): euler: isUrlBlocked = false

D/webcore (11582):  CORE loadUrl: called

D/webkit  (11582): Firewall not null

D/webkit  (11582): euler: isUrlBlocked = false

D/webcore (11582):  CORE loadUrl: called

D/webkit  (11582): Firewall not null

D/webkit  (11582): euler: isUrlBlocked = false

D/webcore (11582):  CORE loadUrl: called

D/webkit  (11582): Firewall not null

D/webkit  (11582): euler: isUrlBlocked = false

D/webcore (11582):  CORE loadUrl: called

D/webkit  (11582): Firewall not null

D/webkit  (11582): euler: isUrlBlocked = false

D/WebView (11582): loadUrlImpl: called

D/CordovaNetworkManager(11582): Connection Type: wifi

D/com.appgyver.preview.BaseApplicationActivity(11582): onMessage(spinner,stop)

D/webcore (11582):  CORE loadUrl: called

D/webkit  (11582): Firewall not null

D/webkit  (11582): euler: isUrlBlocked = false

D/CordovaNetworkManager(11582): Connection Type: wifi

D/com.appgyver.preview.BaseApplicationActivity(11582): onMessage(networkconnection,wifi)

D/SSRMv2:Monitor( 2357): SIOP:: AP = 300, Prev AP = 300, Duration = 9999

W/PicturePileLayerContent(11582): Warning: painting PicturePile without content!

I/InputReader( 2357): Touch event's action is 0x0 (deviceType=0) [pCnt=1, s=0.7898 ] when=116756993028000

I/InputDispatcher( 2357): Delivering touch to: action: 0x0

I/InputReader( 2357): Touch event's action is 0x1 (deviceType=0) [pCnt=1, s=] when=116757073298000

I/InputDispatcher( 2357): Delivering touch to: action: 0x1

V/WebViewInputDispatcher(11582): blockWebkitDraw

V/WebViewInputDispatcher(11582): blockWebkitDraw lockedfalse

V/MediaPlayer-JNI(11570): release

V/MediaPlayer(11570): setListener

V/MediaPlayer(11570): disconnect

V/MediaPlayer(11570): destructor

V/MediaPlayer(11570): disconnect

D/webview (11582): blockWebkitViewMessage= false

W/ActivityManager( 2357): Permission Denial: get/set setting for user asks to run as user -2 but is calling from user 0; this requires android.permission.INTERACT_ACROSS_USERS_FULL

E/DatabaseUtils( 2357): Writing exception to parcel

E/DatabaseUtils( 2357): java.lang.SecurityException: Permission Denial: get/set setting for user asks to run as user -2 but is calling from user 0; this requires android.permission.INTERACT_ACROSS_USERS_FULL

E/DatabaseUtils( 2357): 	at com.android.server.am.ActivityManagerService.handleIncomingUser(ActivityManagerService.java:13140)

E/DatabaseUtils( 2357): 	at android.app.ActivityManager.handleIncomingUser(ActivityManager.java:2038)

E/DatabaseUtils( 2357): 	at com.android.providers.settings.SettingsProvider.callFromPackage(SettingsProvider.java:607)

E/DatabaseUtils( 2357): 	at android.content.ContentProvider$Transport.call(ContentProvider.java:279)

E/DatabaseUtils( 2357): 	at android.content.ContentProviderNative.onTransact(ContentProviderNative.java:273)

E/DatabaseUtils( 2357): 	at android.os.Binder.execTransact(Binder.java:388)

E/DatabaseUtils( 2357): 	at dalvik.system.NativeStart.run(Native Method)

D/WebView (11582): loadUrlImpl: called

W/com.appgyver.preview.AGViewFragment(11582): onPause() called!

D/WebView (11582): loadUrlImpl: called

D/webcore (11582):  CORE loadUrl: called

D/webkit  (11582): Firewall not null

D/webkit  (11582): euler: isUrlBlocked = false

D/webcore (11582):  CORE loadUrl: called

D/webkit  (11582): Firewall not null

D/webkit  (11582): euler: isUrlBlocked = false

D/WebView (11582): loadUrlImpl: called

D/webcore (11582):  CORE loadUrl: called

D/webkit  (11582): Firewall not null

D/webkit  (11582): euler: isUrlBlocked = false

D/WebView (11582): loadUrlImpl: called

D/webcore (11582):  CORE loadUrl: called

D/webkit  (11582): Firewall not null

D/webkit  (11582): euler: isUrlBlocked = false

D/SSRMv2:Monitor( 2357): SIOP:: AP = 300 (read only)

W/dalvikvm(11582): threadid=20: thread exiting with uncaught exception (group=0x41f52700)

E/Crittercism(11582): java.lang.NullPointerException

E/Crittercism(11582): 	at com.appgyver.preview.AGViewFragment$11.run(AGViewFragment.java:592)

E/Crittercism(11582): 	at java.lang.Thread.run(Thread.java:841)

E/Watchdog( 2357): !@Sync 3887

E/AndroidRuntime(11582): FATAL EXCEPTION: Thread-53134

E/AndroidRuntime(11582): java.lang.NullPointerException

E/AndroidRuntime(11582): 	at com.appgyver.preview.AGViewFragment$11.run(AGViewFragment.java:592)

E/AndroidRuntime(11582): 	at java.lang.Thread.run(Thread.java:841)

I/ActivityManager( 2357): Notify an ApplicationCrash

D/dalvikvm( 2357): GC_FOR_ALLOC freed 2013K, 12% free 45678K/51744K, paused 209ms, total 209ms

D/dalvikvm( 2357): GC_FOR_ALLOC freed 798K, 12% free 45622K/51744K, paused 156ms, total 156ms

W/com.appgyver.preview.BaseApplicationActivity(11582): onPause() called!

D/WebView (11582): loadUrlImpl: called

D/webcore (11582):  CORE loadUrl: called

D/webkit  (11582): Firewall not null

D/webkit  (11582): euler: isUrlBlocked = false

I/dumpstate(11967): begin

E/android.os.Debug( 2357): !@Dumpstate > sdumpstate -k -t -z -d -o /data/log/dumpstate_app_error

D/SSRMv2:Monitor( 2357): SIOP:: AP = 300 (read only)

D/STATUSBAR-NetworkController( 2638): onSignalStrengthsChanged signalStrength=SignalStrength: 23 -1 -1 -1 -1 -1 -1 99 -140 -20 -200 -1 2147483647 gsm|lte 0x4 level=4

D/SSRMv2:Monitor( 2357): SIOP:: AP = 300 (read only)

D/DisplayPowerController( 2357): SSTEMP : mIsLockZone = false

V/WindowManager( 2357): Window{43494c18 u0 Keyguard}mOrientationRequetedFromKeyguard=false

V/WindowManager( 2357): rotationForOrientationLw(orient=-1, last=0); user=0 USER_ROTATION_LOCKED sensorRotation=-1 isCoverOpen=true mLidState=-1 mDockMode=0 mHdmiPlugged=false mAccelerometerDefault=false

V/WindowManager( 2357): Application requested orientation -1, got rotation 0 which has compatible metrics

D/SSRMv2:Monitor( 2357): SIOP:: AP = 300, Prev AP = 300, Duration = 9998

D/DisplayPowerController( 2357): SSTEMP : mIsLockZone = true

D/SSRMv2:Monitor( 2357): SIOP:: AP = 300 (read only)

I/dumpstate(11967): done

W/com.appgyver.preview.AGViewFragment(11582): onPause() called!

D/WebView (11582): loadUrlImpl: called

D/webcore (11582):  CORE loadUrl: called

D/webkit  (11582): Firewall not null

D/webkit  (11582): euler: isUrlBlocked = false

W/com.appgyver.preview.AGViewFragment(11582): onPause() called!

I/ActivityManager( 2357): Process com.sec.android.app.clockpackage (pid 11910) (adj 9) has died.

D/WebView (11582): loadUrlImpl: called

D/webcore (11582):  CORE loadUrl: called

D/webkit  (11582): Firewall not null

D/webkit  (11582): euler: isUrlBlocked = false

D/com.appgyver.preview.BackgroundAGContext(11582): Pausing background WebView

W/LicenseLogService( 2357): log() is called by non admin

I/ActivityManager( 2357): Process com.android.contacts (pid 10221) (adj 11) has died.

I/ActivityManager( 2357): Process com.android.email (pid 7373) (adj 9) has died.

E/SQLiteLog(11582): (14) cannot open file at line 32516 of [00bb9c9ce4]

E/SQLiteLog(11582): (14) os_unix.c:32516: (2) open(/NotificationPermissions.db) - 

D/WebKit  (11582): ERROR: 

D/WebKit  (11582): SQLite database failed to load from /NotificationPermissions.db

D/WebKit  (11582): Cause - unable to open database file

D/WebKit  (11582): 

D/WebKit  (11582): external/webkit/Source/WebCore/platform/sql/SQLiteDatabase.cpp(71) : bool WebCore::SQLiteDatabase::open(const WTF::String&, bool)

W/ActivityManager( 2357): mDVFSHelper.acquire()

V/WindowManager( 2357): rotationForOrientationLw(orient=1, last=0); user=0 USER_ROTATION_LOCKED sensorRotation=-1 isCoverOpen=true mLidState=-1 mDockMode=0 mHdmiPlugged=false mAccelerometerDefault=false

V/WindowManager( 2357): Application requested orientation 1, got rotation 0 which has compatible metrics

D/WindowManager( 2357): computeScreenConfigurationLocked() set config.orientation=1 dw=720 dh=1280 Callers=com.android.server.wm.WindowManagerService.updateOrientationFromAppTokensLocked:5171 com.android.server.wm.WindowManagerService.updateOrientationFromAppTokens:5142 com.android.server.am.ActivityStack.resumeTopActivityLocked:2776 

D/PowerManagerService( 2357): setKeyboardVisibility: false

I/Web Console(11582): exception firing pause event from native:1

W/com.appgyver.preview.BaseApplicationActivity(11582): onResume() called!

D/WebView (11582): loadUrlImpl: called

D/webcore (11582):  CORE loadUrl: called

W/com.appgyver.preview.BaseApplicationActivity(11582): finish() called!

D/webkit  (11582): Firewall not null

D/webkit  (11582): euler: isUrlBlocked = false

W/com.appgyver.preview.AGViewFragment(11582): onResume() called!

D/WebView (11582): loadUrlImpl: called

W/com.appgyver.preview.AGViewFragment(11582): onResume() called!

D/WebView (11582): loadUrlImpl: called

D/STATUSBAR-StatusBarManagerService( 2357): manageDisableList what=0x0 pkg=WindowManager.LayoutParams

D/webcore (11582):  CORE loadUrl: called

D/webkit  (11582): Firewall not null

D/webkit  (11582): euler: isUrlBlocked = false

D/webcore (11582):  CORE loadUrl: called

D/webkit  (11582): Firewall not null

D/webkit  (11582): euler: isUrlBlocked = false

V/WindowManager( 2357): rotationForOrientationLw(orient=-1, last=0); user=0 USER_ROTATION_LOCKED sensorRotation=-1 isCoverOpen=true mLidState=-1 mDockMode=0 mHdmiPlugged=false mAccelerometerDefault=false

D/CrashAnrDetector( 2357): processName: com.appgyver.android

V/WindowManager( 2357): Application requested orientation -1, got rotation 0 which has compatible metrics

D/CrashAnrDetector( 2357): broadcastEvent : com.appgyver.android data_app_crash

I/SurfaceFlinger( 1941): id=2740 Removed BGApplicati (3/4)

I/SurfaceFlinger( 1941): id=2740 Removed BGApplicati (-2/4)

W/com.appgyver.preview.BaseApplicationActivity(11582): onPause() called!

D/WebView (11582): loadUrlImpl: called

D/webcore (11582):  CORE loadUrl: called

D/webkit  (11582): Firewall not null

D/webkit  (11582): euler: isUrlBlocked = false

W/com.appgyver.preview.AGViewFragment(11582): onPause() called!

D/WebView (11582): loadUrlImpl: called

W/com.appgyver.preview.AGViewFragment(11582): onPause() called!

D/WebView (11582): loadUrlImpl: called

D/webcore (11582):  CORE loadUrl: called

D/webkit  (11582): Firewall not null

D/webkit  (11582): euler: isUrlBlocked = false

D/webcore (11582):  CORE loadUrl: called

D/webkit  (11582): Firewall not null

D/webkit  (11582): euler: isUrlBlocked = false

V/WindowManager( 2357): rotationForOrientationLw(orient=5, last=0); user=0 USER_ROTATION_LOCKED sensorRotation=-1 isCoverOpen=true mLidState=-1 mDockMode=0 mHdmiPlugged=false mAccelerometerDefault=false

V/WindowManager( 2357): Application requested orientation 5, got rotation 0 which has compatible metrics

D/WindowManager( 2357): computeScreenConfigurationLocked() set config.orientation=1 dw=720 dh=1280 Callers=com.android.server.wm.WindowManagerService.updateOrientationFromAppTokensLocked:5171 com.android.server.wm.WindowManagerService.updateOrientationFromAppTokens:5142 com.android.server.am.ActivityStack.resumeTopActivityLocked:2776 

D/Launcher.HomeFragment(29137): onStart

D/PowerManagerService( 2357): setKeyboardVisibility: false

I/Web Console(11582): exception firing resume event from native:1

I/Web Console(11582): exception firing pause event from native:1

I/SurfaceFlinger( 1941): id=2741 createSurf (1x1),1 flag=4, bndroid

E/Launcher(29137): Error finding setting, default accessibility to not found: accessibility_enabled

D/Launcher.HomeFragment(29137): onResume

D/MenuAppsGridFragment(29137): onResume

D/AbsListView(29137): onVisibilityChanged() is called, visibility : 0

D/AbsListView(29137): unregisterIRListener() is called 

D/elm     (12013): ElmAgentService : onCreate()

D/elm     (12013): ElmAgentService : set alarms for deniallog and usage data upload

D/elm     (12013): ElmAgentService. startJobThread() start

D/elm     (12013): ElmAgentService. JobThread()

D/elm     (12013): ElmAgentService. JobThread. notifyAll().

D/elm     (12013): ElmAgentService. startJobThread() wait

D/elm     (12013): ElmAgentService : isSetupWizardExist():false

D/elm     (12013): UploadDenialLogResponseModule : setDenialAlarm()

E/elm     (12013): UploadDenialLogResponseModule : setDenialAlarm() : AFTER alarmTime is .604800000

D/elm     (12013): ElmAgentService : starting a seperate thread for watching on audit log files

D/elm     (12013): setUsageAlarm 1 >> alarmTime value 1397159219290and SYSTEM current 1396595661136

D/elm     (12013): ELMEngine.getInstance().

D/elm     (12013): ELMEngine.ELMEngine( context , reStart:true).
